Archive member included to satisfy reference by file (symbol)

C:/ST/STM32CubeIDE_1.17.0/STM32CubeIDE/plugins/com.st.stm32cube.ide.mcu.externaltools.gnu-tools-for-stm32.12.3.rel1.win32_1.1.0.202410251130/tools/bin/../lib/gcc/arm-none-eabi/12.3.1/../../../../arm-none-eabi/lib/thumb/v7e-m+fp/hard\libc_nano.a(libc_a-exit.o)
                              C:/ST/STM32CubeIDE_1.17.0/STM32CubeIDE/plugins/com.st.stm32cube.ide.mcu.externaltools.gnu-tools-for-stm32.12.3.rel1.win32_1.1.0.202410251130/tools/bin/../lib/gcc/arm-none-eabi/12.3.1/../../../../arm-none-eabi/lib/thumb/v7e-m+fp/hard/crt0.o (exit)
C:/ST/STM32CubeIDE_1.17.0/STM32CubeIDE/plugins/com.st.stm32cube.ide.mcu.externaltools.gnu-tools-for-stm32.12.3.rel1.win32_1.1.0.202410251130/tools/bin/../lib/gcc/arm-none-eabi/12.3.1/../../../../arm-none-eabi/lib/thumb/v7e-m+fp/hard\libc_nano.a(libc_a-findfp.o)
                              C:/ST/STM32CubeIDE_1.17.0/STM32CubeIDE/plugins/com.st.stm32cube.ide.mcu.externaltools.gnu-tools-for-stm32.12.3.rel1.win32_1.1.0.202410251130/tools/bin/../lib/gcc/arm-none-eabi/12.3.1/../../../../arm-none-eabi/lib/thumb/v7e-m+fp/hard\libc_nano.a(libc_a-exit.o) (__stdio_exit_handler)
C:/ST/STM32CubeIDE_1.17.0/STM32CubeIDE/plugins/com.st.stm32cube.ide.mcu.externaltools.gnu-tools-for-stm32.12.3.rel1.win32_1.1.0.202410251130/tools/bin/../lib/gcc/arm-none-eabi/12.3.1/../../../../arm-none-eabi/lib/thumb/v7e-m+fp/hard\libc_nano.a(libc_a-fwalk.o)
                              C:/ST/STM32CubeIDE_1.17.0/STM32CubeIDE/plugins/com.st.stm32cube.ide.mcu.externaltools.gnu-tools-for-stm32.12.3.rel1.win32_1.1.0.202410251130/tools/bin/../lib/gcc/arm-none-eabi/12.3.1/../../../../arm-none-eabi/lib/thumb/v7e-m+fp/hard\libc_nano.a(libc_a-findfp.o) (_fwalk_sglue)
C:/ST/STM32CubeIDE_1.17.0/STM32CubeIDE/plugins/com.st.stm32cube.ide.mcu.externaltools.gnu-tools-for-stm32.12.3.rel1.win32_1.1.0.202410251130/tools/bin/../lib/gcc/arm-none-eabi/12.3.1/../../../../arm-none-eabi/lib/thumb/v7e-m+fp/hard\libc_nano.a(libc_a-stdio.o)
                              C:/ST/STM32CubeIDE_1.17.0/STM32CubeIDE/plugins/com.st.stm32cube.ide.mcu.externaltools.gnu-tools-for-stm32.12.3.rel1.win32_1.1.0.202410251130/tools/bin/../lib/gcc/arm-none-eabi/12.3.1/../../../../arm-none-eabi/lib/thumb/v7e-m+fp/hard\libc_nano.a(libc_a-findfp.o) (__sread)
C:/ST/STM32CubeIDE_1.17.0/STM32CubeIDE/plugins/com.st.stm32cube.ide.mcu.externaltools.gnu-tools-for-stm32.12.3.rel1.win32_1.1.0.202410251130/tools/bin/../lib/gcc/arm-none-eabi/12.3.1/../../../../arm-none-eabi/lib/thumb/v7e-m+fp/hard\libc_nano.a(libc_a-memset.o)
                              C:/ST/STM32CubeIDE_1.17.0/STM32CubeIDE/plugins/com.st.stm32cube.ide.mcu.externaltools.gnu-tools-for-stm32.12.3.rel1.win32_1.1.0.202410251130/tools/bin/../lib/gcc/arm-none-eabi/12.3.1/../../../../arm-none-eabi/lib/thumb/v7e-m+fp/hard/crt0.o (memset)
C:/ST/STM32CubeIDE_1.17.0/STM32CubeIDE/plugins/com.st.stm32cube.ide.mcu.externaltools.gnu-tools-for-stm32.12.3.rel1.win32_1.1.0.202410251130/tools/bin/../lib/gcc/arm-none-eabi/12.3.1/../../../../arm-none-eabi/lib/thumb/v7e-m+fp/hard\libc_nano.a(libc_a-closer.o)
                              C:/ST/STM32CubeIDE_1.17.0/STM32CubeIDE/plugins/com.st.stm32cube.ide.mcu.externaltools.gnu-tools-for-stm32.12.3.rel1.win32_1.1.0.202410251130/tools/bin/../lib/gcc/arm-none-eabi/12.3.1/../../../../arm-none-eabi/lib/thumb/v7e-m+fp/hard\libc_nano.a(libc_a-stdio.o) (_close_r)
C:/ST/STM32CubeIDE_1.17.0/STM32CubeIDE/plugins/com.st.stm32cube.ide.mcu.externaltools.gnu-tools-for-stm32.12.3.rel1.win32_1.1.0.202410251130/tools/bin/../lib/gcc/arm-none-eabi/12.3.1/../../../../arm-none-eabi/lib/thumb/v7e-m+fp/hard\libc_nano.a(libc_a-reent.o)
                              C:/ST/STM32CubeIDE_1.17.0/STM32CubeIDE/plugins/com.st.stm32cube.ide.mcu.externaltools.gnu-tools-for-stm32.12.3.rel1.win32_1.1.0.202410251130/tools/bin/../lib/gcc/arm-none-eabi/12.3.1/../../../../arm-none-eabi/lib/thumb/v7e-m+fp/hard\libc_nano.a(libc_a-closer.o) (errno)
C:/ST/STM32CubeIDE_1.17.0/STM32CubeIDE/plugins/com.st.stm32cube.ide.mcu.externaltools.gnu-tools-for-stm32.12.3.rel1.win32_1.1.0.202410251130/tools/bin/../lib/gcc/arm-none-eabi/12.3.1/../../../../arm-none-eabi/lib/thumb/v7e-m+fp/hard\libc_nano.a(libc_a-impure.o)
                              C:/ST/STM32CubeIDE_1.17.0/STM32CubeIDE/plugins/com.st.stm32cube.ide.mcu.externaltools.gnu-tools-for-stm32.12.3.rel1.win32_1.1.0.202410251130/tools/bin/../lib/gcc/arm-none-eabi/12.3.1/../../../../arm-none-eabi/lib/thumb/v7e-m+fp/hard\libc_nano.a(libc_a-reent.o) (_impure_ptr)
C:/ST/STM32CubeIDE_1.17.0/STM32CubeIDE/plugins/com.st.stm32cube.ide.mcu.externaltools.gnu-tools-for-stm32.12.3.rel1.win32_1.1.0.202410251130/tools/bin/../lib/gcc/arm-none-eabi/12.3.1/../../../../arm-none-eabi/lib/thumb/v7e-m+fp/hard\libc_nano.a(libc_a-lseekr.o)
[...]
Memory Configuration

Name             Origin             Length             Attributes
CCMRAM           0x10000000         0x00010000         xrw
RAM              0x20000000         0x00020000         xrw
FLASH            0x08000000         0x00100000         xr
*default*        0x00000000         0xffffffff

Linker script and memory map

LOAD C:/ST/STM32CubeIDE_1.17.0/STM32CubeIDE/plugins/com.st.stm32cube.ide.mcu.externaltools.gnu-tools-for-stm32.12.3.rel1.win32_1.1.0.202410251130/tools/bin/../lib/gcc/arm-none-eabi/12.3.1/thumb/v7e-m+fp/hard/crti.o
LOAD C:/ST/STM32CubeIDE_1.17.0/STM32CubeIDE/plugins/com.st.stm32cube.ide.mcu.externaltools.gnu-tools-for-stm32.12.3.rel1.win32_1.1.0.202410251130/tools/bin/../lib/gcc/arm-none-eabi/12.3.1/thumb/v7e-m+fp/hard/crtbegin.o
LOAD C:/ST/STM32CubeIDE_1.17.0/STM32CubeIDE/plugins/com.st.stm32cube.ide.mcu.externaltools.gnu-tools-for-stm32.12.3.rel1.win32_1.1.0.202410251130/tools/bin/../lib/gcc/arm-none-eabi/12.3.1/../../../../arm-none-eabi/lib/thumb/v7e-m+fp/hard/crt0.o
LOAD ./Core/Src/main.o
LOAD ./Core/Src/stm32f4xx_hal_msp.o
LOAD ./Core/Src/stm32f4xx_it.o
LOAD ./Core/Src/syscalls.o
LOAD ./Core/Src/sysmem.o
LOAD ./Core/Src/system_stm32f4xx.o
LOAD ./Core/Startup/startup_stm32f407vgtx.o
LOAD ./Drivers/STM32F4xx_HAL_Driver/Src/stm32f4xx_hal.o
LOAD ./Drivers/STM32F4xx_HAL_Driver/Src/stm32f4xx_hal_adc.o
LOAD ./Drivers/STM32F4xx_HAL_Driver/Src/stm32f4xx_hal_adc_ex.o
LOAD ./Drivers/STM32F4xx_HAL_Driver/Src/stm32f4xx_hal_cortex.o
LOAD ./Drivers/STM32F4xx_HAL_Driver/Src/stm32f4xx_hal_dma.o
LOAD ./Drivers/STM32F4xx_HAL_Driver/Src/stm32f4xx_hal_dma_ex.o
LOAD ./Drivers/STM32F4xx_HAL_Driver/Src/stm32f4xx_hal_exti.o
LOAD ./Drivers/STM32F4xx_HAL_Driver/Src/stm32f4xx_hal_flash.o
LOAD ./Drivers/STM32F4xx_HAL_Driver/Src/stm32f4xx_hal_flash_ex.o
LOAD ./Drivers/STM32F4xx_HAL_Driver/Src/stm32f4xx_hal_flash_ramfunc.o
LOAD ./Drivers/STM32F4xx_HAL_Driver/Src/stm32f4xx_hal_gpio.o
LOAD ./Drivers/STM32F4xx_HAL_Driver/Src/stm32f4xx_hal_i2c.o
LOAD ./Drivers/STM32F4xx_HAL_Driver/Src/stm32f4xx_hal_i2c_ex.o
LOAD ./Drivers/STM32F4xx_HAL_Driver/Src/stm32f4xx_hal_pwr.o
LOAD ./Drivers/STM32F4xx_HAL_Driver/Src/stm32f4xx_hal_pwr_ex.o
LOAD ./Drivers/STM32F4xx_HAL_Driver/Src/stm32f4xx_hal_rcc.o
LOAD ./Drivers/STM32F4xx_HAL_Driver/Src/stm32f4xx_hal_rcc_ex.o
LOAD ./Drivers/STM32F4xx_HAL_Driver/Src/stm32f4xx_hal_spi.o
LOAD ./Drivers/STM32F4xx_HAL_Driver/Src/stm32f4xx_hal_tim.o
LOAD ./Drivers/STM32F4xx_HAL_Driver/Src/stm32f4xx_hal_tim_ex.o
LOAD ./Drivers/STM32F4xx_HAL_Driver/Src/stm32f4xx_ll_adc.o
LOAD ./Lib/ekgSensor/ekgSensor.o
LOAD ./Lib/ili9341/fonts.o
LOAD ./Lib/ili9341/ili9341.o
LOAD ./Lib/max030102/max030102.o
LOAD ./Lib/ppgSensor/ppgSensor.o
LOAD ./Lib/ppgSensor/spO2_algorithim.o
START GROUP
LOAD C:/ST/STM32CubeIDE_1.17.0/STM32CubeIDE/plugins/com.st.stm32cube.ide.mcu.externaltools.gnu-tools-for-stm32.12.3.rel1.win32_1.1.0.202410251130/tools/bin/../lib/gcc/arm-none-eabi/12.3.1/../../../../arm-none-eabi/lib/thumb/v7e-m+fp/hard\libc_nano.a
LOAD C:/ST/STM32CubeIDE_1.17.0/STM32CubeIDE/plugins/com.st.stm32cube.ide.mcu.externaltools.gnu-tools-for-stm32.12.3.rel1.win32_1.1.0.202410251130/tools/bin/../lib/gcc/arm-none-eabi/12.3.1/../../../../arm-none-eabi/lib/thumb/v7e-m+fp/hard\libm.a
END GROUP
START GROUP
LOAD C:/ST/STM32CubeIDE_1.17.0/STM32CubeIDE/plugins/com.st.stm32cube.ide.mcu.externaltools.gnu-tools-for-stm32.12.3.rel1.win32_1.1.0.202410251130/tools/bin/../lib/gcc/arm-none-eabi/12.3.1/thumb/v7e-m+fp/hard\libgcc.a
LOAD C:/ST/STM32CubeIDE_1.17.0/STM32CubeIDE/plugins/com.st.stm32cube.ide.mcu.externaltools.gnu-tools-for-stm32.12.3.rel1.win32_1.1.0.202410251130/tools/bin/../lib/gcc/arm-none-eabi/12.3.1/../../../../arm-none-eabi/lib/thumb/v7e-m+fp/hard\libc_nano.a
END GROUP
START GROUP
LOAD C:/ST/STM32CubeIDE_1.17.0/STM32CubeIDE/plugins/com.st.stm32cube.ide.mcu.externaltools.gnu-tools-for-stm32.12.3.rel1.win32_1.1.0.202410251130/tools/bin/../lib/gcc/arm-none-eabi/12.3.1/thumb/v7e-m+fp/hard\libgcc.a
LOAD C:/ST/STM32CubeIDE_1.17.0/STM32CubeIDE/plugins/com.st.stm32cube.ide.mcu.externaltools.gnu-tools-for-stm32.12.3.rel1.win32_1.1.0.202410251130/tools/bin/../lib/gcc/arm-none-eabi/12.3.1/../../../../arm-none-eabi/lib/thumb/v7e-m+fp/hard\libc_nano.a
LOAD C:/ST/STM32CubeIDE_1.17.0/STM32CubeIDE/plugins/com.st.stm32cube.ide.mcu.externaltools.gnu-tools-for-stm32.12.3.rel1.win32_1.1.0.202410251130/tools/bin/../lib/gcc/arm-none-eabi/12.3.1/../../../../arm-none-eabi/lib/thumb/v7e-m+fp/hard\libnosys.a
END GROUP
START GROUP
LOAD C:/ST/STM32CubeIDE_1.17.0/STM32CubeIDE/plugins/com.st.stm32cube.ide.mcu.externaltools.gnu-tools-for-stm32.12.3.rel1.win32_1.1.0.202410251130/tools/bin/../lib/gcc/arm-none-eabi/12.3.1/thumb/v7e-m+fp/hard\libgcc.a
LOAD C:/ST/STM32CubeIDE_1.17.0/STM32CubeIDE/plugins/com.st.stm32cube.ide.mcu.externaltools.gnu-tools-for-stm32.12.3.rel1.win32_1.1.0.202410251130/tools/bin/../lib/gcc/arm-none-eabi/12.3.1/../../../../arm-none-eabi/lib/thumb/v7e-m+fp/hard\libc_nano.a
LOAD C:/ST/STM32CubeIDE_1.17.0/STM32CubeIDE/plugins/com.st.stm32cube.ide.mcu.externaltools.gnu-tools-for-stm32.12.3.rel1.win32_1.1.0.202410251130/tools/bin/../lib/gcc/arm-none-eabi/12.3.1/../../../../arm-none-eabi/lib/thumb/v7e-m+fp/hard\libnosys.a
END GROUP
LOAD C:/ST/STM32CubeIDE_1.17.0/STM32CubeIDE/plugins/com.st.stm32cube.ide.mcu.externaltools.gnu-tools-for-stm32.12.3.rel1.win32_1.1.0.202410251130/tools/bin/../lib/gcc/arm-none-eabi/12.3.1/thumb/v7e-m+fp/hard/crtend.o
LOAD C:/ST/STM32CubeIDE_1.17.0/STM32CubeIDE/plugins/com.st.stm32cube.ide.mcu.externaltools.gnu-tools-for-stm32.12.3.rel1.win32_1.1.0.202410251130/tools/bin/../lib/gcc/arm-none-eabi/12.3.1/thumb/v7e-m+fp/hard/crtn.o
                0x20020000                        _estack = (ORIGIN (RAM) + LENGTH (RAM))
                0x00000200                        _Min_Heap_Size = 0x200
                0x00000400                        _Min_Stack_Size = 0x400

.isr_vector     0x08000000      0x188
                0x08000000                        . = ALIGN (0x4)
 *(.isr_vector)
 .isr_vector    0x08000000      0x188 ./Core/Startup/startup_stm32f407vgtx.o
                0x08000000                g_pfnVectors
                0x08000188                        . = ALIGN (0x4)

.text           0x08000188     0x7648
                0x08000188                        . = ALIGN (0x4)
 *(.text)
 .text          0x08000188       0x40 C:/ST/STM32CubeIDE_1.17.0/STM32CubeIDE/plugins/com.st.stm32cube.ide.mcu.externaltools.gnu-tools-for-stm32.12.3.rel1.win32_1.1.0.202410251130/tools/bin/../lib/gcc/arm-none-eabi/12.3.1/thumb/v7e-m+fp/hard/crtbegin.o
 .text          0x080001c8       0x30 C:/ST/STM32CubeIDE_1.17.0/STM32CubeIDE/plugins/com.st.stm32cube.ide.mcu.externaltools.gnu-tools-for-stm32.12.3.rel1.win32_1.1.0.202410251130/tools/bin/../lib/gcc/arm-none-eabi/12.3.1/thumb/v7e-m+fp/hard\libgcc.a(_aeabi_uldivmod.o)
                0x080001c8                __aeabi_uldivmod
 .text          0x080001f8      0x2bc C:/ST/STM32CubeIDE_1.17.0/STM32CubeIDE/plugins/com.st.stm32cube.ide.mcu.externaltools.gnu-tools-for-stm32.12.3.rel1.win32_1.1.0.202410251130/tools/bin/../lib/gcc/arm-none-eabi/12.3.1/thumb/v7e-m+fp/hard\libgcc.a(_udivmoddi4.o)
                0x080001f8                __udivmoddi4
 .text          0x080004b4        0x4 C:/ST/STM32CubeIDE_1.17.0/STM32CubeIDE/plugins/com.st.stm32cube.ide.mcu.externaltools.gnu-tools-for-stm32.12.3.rel1.win32_1.1.0.202410251130/tools/bin/../lib/gcc/arm-none-eabi/12.3.1/thumb/v7e-m+fp/hard\libgcc.a(_dvmd_tls.o)
                0x080004b4                __aeabi_idiv0
                0x080004b4                __aeabi_ldiv0
 *(.text*)
 .text.main     0x080004b8       0x58 ./Core/Src/main.o
                0x080004b8                main
 .text.SystemClock_Config
                0x08000510       0xd4 ./Core/Src/main.o
                0x08000510                SystemClock_Config
 .text.MX_ADC1_Init
                0x080005e4       0xa4 ./Core/Src/main.o
 .text.MX_I2C1_Init
                0x08000688       0x5c ./Core/Src/main.o
 .text.MX_SPI1_Init
                0x080006e4       0x6c ./Core/Src/main.o
 .text.MX_TIM3_Init
                0x08000750       0xe8 ./Core/Src/main.o
 .text.MX_GPIO_Init
                0x08000838      0x224 ./Core/Src/main.o
 .text.HAL_GPIO_EXTI_Callback
                0x08000a5c       0xc0 ./Core/Src/main.o
                0x08000a5c                HAL_GPIO_EXTI_Callback
 .text.HAL_I2C_MemRxCpltCallback
                0x08000b1c       0x14 ./Core/Src/main.o
                0x08000b1c                HAL_I2C_MemRxCpltCallback
 .text.HAL_SYSTICK_Callback
                0x08000b30       0x78 ./Core/Src/main.o
                0x08000b30                HAL_SYSTICK_Callback
 .text.HAL_ADC_ConvCpltCallback
                0x08000ba8       0x3c ./Core/Src/main.o
                0x08000ba8                HAL_ADC_ConvCpltCallback
 .text.Error_Handler
                0x08000be4        0xc ./Core/Src/main.o
                0x08000be4                Error_Handler
 .text.HAL_MspInit
                0x08000bf0       0x50 ./Core/Src/stm32f4xx_hal_msp.o
                0x08000bf0                HAL_MspInit
 .text.HAL_ADC_MspInit
                0x08000c40       0x98 ./Core/Src/stm32f4xx_hal_msp.o
                0x08000c40                HAL_ADC_MspInit
 .text.HAL_I2C_MspInit
                0x08000cd8       0xa0 ./Core/Src/stm32f4xx_hal_msp.o
                0x08000cd8                HAL_I2C_MspInit
 .text.HAL_SPI_MspInit
                0x08000d78       0xb0 ./Core/Src/stm32f4xx_hal_msp.o
                0x08000d78                HAL_SPI_MspInit
 .text.HAL_TIM_Base_MspInit
                0x08000e28       0x44 ./Core/Src/stm32f4xx_hal_msp.o
                0x08000e28                HAL_TIM_Base_MspInit
 .text.NMI_Handler
                0x08000e6c        0x8 ./Core/Src/stm32f4xx_it.o
                0x08000e6c                NMI_Handler
 .text.HardFault_Handler
                0x08000e74        0x8 ./Core/Src/stm32f4xx_it.o
                0x08000e74                HardFault_Handler
 .text.MemManage_Handler
                0x08000e7c        0x8 ./Core/Src/stm32f4xx_it.o
                0x08000e7c                MemManage_Handler
 .text.BusFault_Handler
                0x08000e84        0x8 ./Core/Src/stm32f4xx_it.o
                0x08000e84                BusFault_Handler
 .text.UsageFault_Handler
                0x08000e8c        0x8 ./Core/Src/stm32f4xx_it.o
                0x08000e8c                UsageFault_Handler
 .text.SVC_Handler
                0x08000e94        0xe ./Core/Src/stm32f4xx_it.o
                0x08000e94                SVC_Handler
 .text.DebugMon_Handler
                0x08000ea2        0xe ./Core/Src/stm32f4xx_it.o
                0x08000ea2                DebugMon_Handler
 .text.PendSV_Handler
                0x08000eb0        0xe ./Core/Src/stm32f4xx_it.o
                0x08000eb0                PendSV_Handler
 .text.SysTick_Handler
                0x08000ebe       0x10 ./Core/Src/stm32f4xx_it.o
                0x08000ebe                SysTick_Handler
 .text.EXTI1_IRQHandler
                0x08000ece        0xe ./Core/Src/stm32f4xx_it.o
                0x08000ece                EXTI1_IRQHandler
 .text.EXTI3_IRQHandler
                0x08000edc        0xe ./Core/Src/stm32f4xx_it.o
                0x08000edc                EXTI3_IRQHandler
 .text.EXTI4_IRQHandler
                0x08000eea        0xe ./Core/Src/stm32f4xx_it.o
                0x08000eea                EXTI4_IRQHandler
 .text.ADC_IRQHandler
                0x08000ef8       0x14 ./Core/Src/stm32f4xx_it.o
                0x08000ef8                ADC_IRQHandler
 .text.EXTI9_5_IRQHandler
                0x08000f0c       0x10 ./Core/Src/stm32f4xx_it.o
                0x08000f0c                EXTI9_5_IRQHandler
 .text.I2C1_EV_IRQHandler
                0x08000f1c       0x14 ./Core/Src/stm32f4xx_it.o
                0x08000f1c                I2C1_EV_IRQHandler
 .text.SystemInit
                0x08000f30       0x24 ./Core/Src/system_stm32f4xx.o
                0x08000f30                SystemInit
 .text.Reset_Handler
                0x08000f54       0x50 ./Core/Startup/startup_stm32f407vgtx.o
                0x08000f54                Reset_Handler
 .text.Default_Handler
                0x08000fa4        0x2 ./Core/Startup/startup_stm32f407vgtx.o
                0x08000fa4                RTC_Alarm_IRQHandler
                0x08000fa4                HASH_RNG_IRQHandler
                0x08000fa4                EXTI2_IRQHandler
                0x08000fa4                TIM8_CC_IRQHandler
                0x08000fa4                TIM1_CC_IRQHandler
                0x08000fa4                DMA2_Stream5_IRQHandler
                0x08000fa4                DMA1_Stream5_IRQHandler
                0x08000fa4                PVD_IRQHandler
                0x08000fa4                SDIO_IRQHandler
                0x08000fa4                TAMP_STAMP_IRQHandler
                0x08000fa4                CAN2_RX1_IRQHandler
                0x08000fa4                TIM8_TRG_COM_TIM14_IRQHandler
                0x08000fa4                TIM1_UP_TIM10_IRQHandler
                0x08000fa4                TIM8_UP_TIM13_IRQHandler
                0x08000fa4                I2C3_ER_IRQHandler
                0x08000fa4                EXTI0_IRQHandler
                0x08000fa4                I2C2_EV_IRQHandler
                0x08000fa4                DMA1_Stream2_IRQHandler
                0x08000fa4                CAN1_RX0_IRQHandler
                0x08000fa4                FPU_IRQHandler
                0x08000fa4                OTG_HS_WKUP_IRQHandler
                0x08000fa4                CAN2_SCE_IRQHandler
                0x08000fa4                DMA2_Stream2_IRQHandler
                0x08000fa4                SPI1_IRQHandler
                0x08000fa4                TIM6_DAC_IRQHandler
                0x08000fa4                TIM1_BRK_TIM9_IRQHandler
                0x08000fa4                DCMI_IRQHandler
                0x08000fa4                CAN2_RX0_IRQHandler
                0x08000fa4                DMA2_Stream3_IRQHandler
                0x08000fa4                USART6_IRQHandler
                0x08000fa4                USART3_IRQHandler
                0x08000fa4                CAN1_RX1_IRQHandler
                0x08000fa4                UART5_IRQHandler
                0x08000fa4                DMA2_Stream0_IRQHandler
                0x08000fa4                TIM4_IRQHandler
                0x08000fa4                DMA1_Stream6_IRQHandler
                0x08000fa4                DMA1_Stream1_IRQHandler
                0x08000fa4                UART4_IRQHandler
                0x08000fa4                TIM3_IRQHandler
                0x08000fa4                RCC_IRQHandler
                0x08000fa4                TIM8_BRK_TIM12_IRQHandler
                0x08000fa4                Default_Handler
                0x08000fa4                EXTI15_10_IRQHandler
                0x08000fa4                DMA1_Stream7_IRQHandler
                0x08000fa4                TIM7_IRQHandler
                0x08000fa4                CAN2_TX_IRQHandler
                0x08000fa4                TIM5_IRQHandler
                0x08000fa4                DMA2_Stream7_IRQHandler
                0x08000fa4                I2C3_EV_IRQHandler
                0x08000fa4                RTC_WKUP_IRQHandler
                0x08000fa4                ETH_WKUP_IRQHandler
                0x08000fa4                SPI2_IRQHandler
                0x08000fa4                OTG_HS_EP1_IN_IRQHandler
                0x08000fa4                DMA1_Stream0_IRQHandler
                0x08000fa4                CAN1_TX_IRQHandler
                0x08000fa4                FSMC_IRQHandler
                0x08000fa4                ETH_IRQHandler
                0x08000fa4                OTG_HS_EP1_OUT_IRQHandler
                0x08000fa4                WWDG_IRQHandler
                0x08000fa4                TIM2_IRQHandler
                0x08000fa4                OTG_FS_WKUP_IRQHandler
                0x08000fa4                TIM1_TRG_COM_TIM11_IRQHandler
                0x08000fa4                OTG_HS_IRQHandler
                0x08000fa4                USART2_IRQHandler
                0x08000fa4                I2C2_ER_IRQHandler
                0x08000fa4                DMA2_Stream1_IRQHandler
                0x08000fa4                CAN1_SCE_IRQHandler
                0x08000fa4                FLASH_IRQHandler
                0x08000fa4                DMA2_Stream4_IRQHandler
                0x08000fa4                USART1_IRQHandler
                0x08000fa4                OTG_FS_IRQHandler
                0x08000fa4                SPI3_IRQHandler
                0x08000fa4                DMA1_Stream4_IRQHandler
                0x08000fa4                I2C1_ER_IRQHandler
                0x08000fa4                DMA2_Stream6_IRQHandler
                0x08000fa4                DMA1_Stream3_IRQHandler
 *fill*         0x08000fa6        0x2 
 .text.HAL_Init
                0x08000fa8       0x44 ./Drivers/STM32F4xx_HAL_Driver/Src/stm32f4xx_hal.o
                0x08000fa8                HAL_Init
 .text.HAL_InitTick
                0x08000fec       0x60 ./Drivers/STM32F4xx_HAL_Driver/Src/stm32f4xx_hal.o
                0x08000fec                HAL_InitTick
 .text.HAL_IncTick
                0x0800104c       0x28 ./Drivers/STM32F4xx_HAL_Driver/Src/stm32f4xx_hal.o
                0x0800104c                HAL_IncTick
 .text.HAL_GetTick
                0x08001074       0x18 ./Drivers/STM32F4xx_HAL_Driver/Src/stm32f4xx_hal.o
                0x08001074                HAL_GetTick
 .text.HAL_Delay
                0x0800108c       0x48 ./Drivers/STM32F4xx_HAL_Driver/Src/stm32f4xx_hal.o
                0x0800108c                HAL_Delay
 .text.HAL_ADC_Init
                0x080010d4       0x86 ./Drivers/STM32F4xx_HAL_Driver/Src/stm32f4xx_hal_adc.o
                0x080010d4                HAL_ADC_Init
 *fill*         0x0800115a        0x2 
 .text.HAL_ADC_Start_IT
                0x0800115c      0x1bc ./Drivers/STM32F4xx_HAL_Driver/Src/stm32f4xx_hal_adc.o
                0x0800115c                HAL_ADC_Start_IT
 .text.HAL_ADC_IRQHandler
                0x08001318      0x220 ./Drivers/STM32F4xx_HAL_Driver/Src/stm32f4xx_hal_adc.o
                0x08001318                HAL_ADC_IRQHandler
 .text.HAL_ADC_GetValue
                0x08001538       0x1a ./Drivers/STM32F4xx_HAL_Driver/Src/stm32f4xx_hal_adc.o
                0x08001538                HAL_ADC_GetValue
 .text.HAL_ADC_LevelOutOfWindowCallback
                0x08001552       0x14 ./Drivers/STM32F4xx_HAL_Driver/Src/stm32f4xx_hal_adc.o
                0x08001552                HAL_ADC_LevelOutOfWindowCallback
 .text.HAL_ADC_ErrorCallback
                0x08001566       0x14 ./Drivers/STM32F4xx_HAL_Driver/Src/stm32f4xx_hal_adc.o
                0x08001566                HAL_ADC_ErrorCallback
 *fill*         0x0800157a        0x2 
 .text.HAL_ADC_ConfigChannel
                0x0800157c      0x244 ./Drivers/STM32F4xx_HAL_Driver/Src/stm32f4xx_hal_adc.o
                0x0800157c                HAL_ADC_ConfigChannel
 .text.ADC_Init
                0x080017c0      0x1f8 ./Drivers/STM32F4xx_HAL_Driver/Src/stm32f4xx_hal_adc.o
 .text.HAL_ADCEx_InjectedConvCpltCallback
                0x080019b8       0x14 ./Drivers/STM32F4xx_HAL_Driver/Src/stm32f4xx_hal_adc_ex.o
                0x080019b8                HAL_ADCEx_InjectedConvCpltCallback
 .text.__NVIC_SetPriorityGrouping
                0x080019cc       0x48 ./Drivers/STM32F4xx_HAL_Driver/Src/stm32f4xx_hal_cortex.o
 .text.__NVIC_GetPriorityGrouping
                0x08001a14       0x1c ./Drivers/STM32F4xx_HAL_Driver/Src/stm32f4xx_hal_cortex.o
 .text.__NVIC_EnableIRQ
                0x08001a30       0x3c ./Drivers/STM32F4xx_HAL_Driver/Src/stm32f4xx_hal_cortex.o
 .text.__NVIC_SetPriority
                0x08001a6c       0x54 ./Drivers/STM32F4xx_HAL_Driver/Src/stm32f4xx_hal_cortex.o
 .text.NVIC_EncodePriority
                0x08001ac0       0x66 ./Drivers/STM32F4xx_HAL_Driver/Src/stm32f4xx_hal_cortex.o
 *fill*         0x08001b26        0x2 
 .text.SysTick_Config
                0x08001b28       0x44 ./Drivers/STM32F4xx_HAL_Driver/Src/stm32f4xx_hal_cortex.o
 .text.HAL_NVIC_SetPriorityGrouping
                0x08001b6c       0x16 ./Drivers/STM32F4xx_HAL_Driver/Src/stm32f4xx_hal_cortex.o
                0x08001b6c                HAL_NVIC_SetPriorityGrouping
 .text.HAL_NVIC_SetPriority
                0x08001b82       0x38 ./Drivers/STM32F4xx_HAL_Driver/Src/stm32f4xx_hal_cortex.o
                0x08001b82                HAL_NVIC_SetPriority
 .text.HAL_NVIC_EnableIRQ
                0x08001bba       0x1c ./Drivers/STM32F4xx_HAL_Driver/Src/stm32f4xx_hal_cortex.o
                0x08001bba                HAL_NVIC_EnableIRQ
 .text.HAL_SYSTICK_Config
                0x08001bd6       0x18 ./Drivers/STM32F4xx_HAL_Driver/Src/stm32f4xx_hal_cortex.o
                0x08001bd6                HAL_SYSTICK_Config
 .text.HAL_SYSTICK_IRQHandler
                0x08001bee        0xc ./Drivers/STM32F4xx_HAL_Driver/Src/stm32f4xx_hal_cortex.o
                0x08001bee                HAL_SYSTICK_IRQHandler
 .text.HAL_DMA_Abort_IT
                0x08001bfa       0x44 ./Drivers/STM32F4xx_HAL_Driver/Src/stm32f4xx_hal_dma.o
                0x08001bfa                HAL_DMA_Abort_IT
 .text.HAL_DMA_GetState
                0x08001c3e       0x1c ./Drivers/STM32F4xx_HAL_Driver/Src/stm32f4xx_hal_dma.o
                0x08001c3e                HAL_DMA_GetState
 *fill*         0x08001c5a        0x2 
 .text.HAL_GPIO_Init
                0x08001c5c      0x338 ./Drivers/STM32F4xx_HAL_Driver/Src/stm32f4xx_hal_gpio.o
                0x08001c5c                HAL_GPIO_Init
 .text.HAL_GPIO_WritePin
                0x08001f94       0x32 ./Drivers/STM32F4xx_HAL_Driver/Src/stm32f4xx_hal_gpio.o
                0x08001f94                HAL_GPIO_WritePin
 .text.HAL_GPIO_TogglePin
                0x08001fc6       0x34 ./Drivers/STM32F4xx_HAL_Driver/Src/stm32f4xx_hal_gpio.o
                0x08001fc6                HAL_GPIO_TogglePin
 *fill*         0x08001ffa        0x2 
 .text.HAL_GPIO_EXTI_IRQHandler
                0x08001ffc       0x30 ./Drivers/STM32F4xx_HAL_Driver/Src/stm32f4xx_hal_gpio.o
                0x08001ffc                HAL_GPIO_EXTI_IRQHandler
 .text.HAL_I2C_Init
                0x0800202c      0x288 ./Drivers/STM32F4xx_HAL_Driver/Src/stm32f4xx_hal_i2c.o
                0x0800202c                HAL_I2C_Init
 .text.I2C_Flush_DR
                0x080022b4       0x2a ./Drivers/STM32F4xx_HAL_Driver/Src/stm32f4xx_hal_i2c.o
 *fill*         0x080022de        0x2 
 .text.HAL_I2C_Mem_Write
                0x080022e0      0x1f4 ./Drivers/STM32F4xx_HAL_Driver/Src/stm32f4xx_hal_i2c.o
                0x080022e0                HAL_I2C_Mem_Write
 .text.HAL_I2C_Mem_Read
                0x080024d4      0x464 ./Drivers/STM32F4xx_HAL_Driver/Src/stm32f4xx_hal_i2c.o
                0x080024d4                HAL_I2C_Mem_Read
 .text.HAL_I2C_Mem_Write_IT
                0x08002938      0x15c ./Drivers/STM32F4xx_HAL_Driver/Src/stm32f4xx_hal_i2c.o
                0x08002938                HAL_I2C_Mem_Write_IT
 .text.HAL_I2C_Mem_Read_IT
                0x08002a94      0x174 ./Drivers/STM32F4xx_HAL_Driver/Src/stm32f4xx_hal_i2c.o
                0x08002a94                HAL_I2C_Mem_Read_IT
 .text.HAL_I2C_IsDeviceReady
                0x08002c08      0x25c ./Drivers/STM32F4xx_HAL_Driver/Src/stm32f4xx_hal_i2c.o
                0x08002c08                HAL_I2C_IsDeviceReady
 .text.HAL_I2C_EV_IRQHandler
                0x08002e64      0x2a6 ./Drivers/STM32F4xx_HAL_Driver/Src/stm32f4xx_hal_i2c.o
                0x08002e64                HAL_I2C_EV_IRQHandler
 .text.HAL_I2C_MasterTxCpltCallback
                0x0800310a       0x14 ./Drivers/STM32F4xx_HAL_Driver/Src/stm32f4xx_hal_i2c.o
                0x0800310a                HAL_I2C_MasterTxCpltCallback
 .text.HAL_I2C_MasterRxCpltCallback
                0x0800311e       0x14 ./Drivers/STM32F4xx_HAL_Driver/Src/stm32f4xx_hal_i2c.o
                0x0800311e                HAL_I2C_MasterRxCpltCallback
 .text.HAL_I2C_SlaveTxCpltCallback
                0x08003132       0x14 ./Drivers/STM32F4xx_HAL_Driver/Src/stm32f4xx_hal_i2c.o
                0x08003132                HAL_I2C_SlaveTxCpltCallback
 .text.HAL_I2C_SlaveRxCpltCallback
                0x08003146       0x14 ./Drivers/STM32F4xx_HAL_Driver/Src/stm32f4xx_hal_i2c.o
                0x08003146                HAL_I2C_SlaveRxCpltCallback
 .text.HAL_I2C_AddrCallback
                0x0800315a       0x1c ./Drivers/STM32F4xx_HAL_Driver/Src/stm32f4xx_hal_i2c.o
                0x0800315a                HAL_I2C_AddrCallback
 .text.HAL_I2C_ListenCpltCallback
                0x08003176       0x14 ./Drivers/STM32F4xx_HAL_Driver/Src/stm32f4xx_hal_i2c.o
                0x08003176                HAL_I2C_ListenCpltCallback
 .text.HAL_I2C_MemTxCpltCallback
                0x0800318a       0x14 ./Drivers/STM32F4xx_HAL_Driver/Src/stm32f4xx_hal_i2c.o
                0x0800318a                HAL_I2C_MemTxCpltCallback
 .text.HAL_I2C_ErrorCallback
                0x0800319e       0x14 ./Drivers/STM32F4xx_HAL_Driver/Src/stm32f4xx_hal_i2c.o
                0x0800319e                HAL_I2C_ErrorCallback
 .text.HAL_I2C_AbortCpltCallback
                0x080031b2       0x14 ./Drivers/STM32F4xx_HAL_Driver/Src/stm32f4xx_hal_i2c.o
                0x080031b2                HAL_I2C_AbortCpltCallback
 .text.I2C_MasterTransmit_TXE
                0x080031c6      0x138 ./Drivers/STM32F4xx_HAL_Driver/Src/stm32f4xx_hal_i2c.o
 .text.I2C_MasterTransmit_BTF
                0x080032fe       0xec ./Drivers/STM32F4xx_HAL_Driver/Src/stm32f4xx_hal_i2c.o
 .text.I2C_MemoryTransmit_TXE_BTF
                0x080033ea      0x130 ./Drivers/STM32F4xx_HAL_Driver/Src/stm32f4xx_hal_i2c.o
 .text.I2C_MasterReceive_RXNE
                0x0800351a      0x190 ./Drivers/STM32F4xx_HAL_Driver/Src/stm32f4xx_hal_i2c.o
 .text.I2C_MasterReceive_BTF
                0x080036aa      0x1ea ./Drivers/STM32F4xx_HAL_Driver/Src/stm32f4xx_hal_i2c.o
 .text.I2C_Master_SB
                0x08003894      0x10c ./Drivers/STM32F4xx_HAL_Driver/Src/stm32f4xx_hal_i2c.o
 .text.I2C_Master_ADD10
                0x080039a0       0x54 ./Drivers/STM32F4xx_HAL_Driver/Src/stm32f4xx_hal_i2c.o
 .text.I2C_Master_ADDR
                0x080039f4      0x322 ./Drivers/STM32F4xx_HAL_Driver/Src/stm32f4xx_hal_i2c.o
 .text.I2C_SlaveTransmit_TXE
                0x08003d16       0x7a ./Drivers/STM32F4xx_HAL_Driver/Src/stm32f4xx_hal_i2c.o
 .text.I2C_SlaveTransmit_BTF
                0x08003d90       0x42 ./Drivers/STM32F4xx_HAL_Driver/Src/stm32f4xx_hal_i2c.o
 .text.I2C_SlaveReceive_RXNE
                0x08003dd2       0x7c ./Drivers/STM32F4xx_HAL_Driver/Src/stm32f4xx_hal_i2c.o
 .text.I2C_SlaveReceive_BTF
                0x08003e4e       0x44 ./Drivers/STM32F4xx_HAL_Driver/Src/stm32f4xx_hal_i2c.o
 .text.I2C_Slave_ADDR
                0x08003e92       0x90 ./Drivers/STM32F4xx_HAL_Driver/Src/stm32f4xx_hal_i2c.o
 *fill*         0x08003f22        0x2 
 .text.I2C_Slave_STOPF
                0x08003f24      0x260 ./Drivers/STM32F4xx_HAL_Driver/Src/stm32f4xx_hal_i2c.o
 .text.I2C_ITError
                0x08004184      0x264 ./Drivers/STM32F4xx_HAL_Driver/Src/stm32f4xx_hal_i2c.o
 .text.I2C_RequestMemoryWrite
                0x080043e8      0x12c ./Drivers/STM32F4xx_HAL_Driver/Src/stm32f4xx_hal_i2c.o
 .text.I2C_RequestMemoryRead
                0x08004514      0x1d0 ./Drivers/STM32F4xx_HAL_Driver/Src/stm32f4xx_hal_i2c.o
 .text.I2C_DMAAbort
                0x080046e4      0x150 ./Drivers/STM32F4xx_HAL_Driver/Src/stm32f4xx_hal_i2c.o
 .text.I2C_WaitOnFlagUntilTimeout
                0x08004834       0xf4 ./Drivers/STM32F4xx_HAL_Driver/Src/stm32f4xx_hal_i2c.o
 .text.I2C_WaitOnMasterAddressFlagUntilTimeout
                0x08004928      0x140 ./Drivers/STM32F4xx_HAL_Driver/Src/stm32f4xx_hal_i2c.o
 .text.I2C_WaitOnTXEFlagUntilTimeout
                0x08004a68       0x90 ./Drivers/STM32F4xx_HAL_Driver/Src/stm32f4xx_hal_i2c.o
 .text.I2C_WaitOnBTFFlagUntilTimeout
                0x08004af8       0x90 ./Drivers/STM32F4xx_HAL_Driver/Src/stm32f4xx_hal_i2c.o
 .text.I2C_WaitOnSTOPRequestThroughIT
                0x08004b88       0x64 ./Drivers/STM32F4xx_HAL_Driver/Src/stm32f4xx_hal_i2c.o
 .text.I2C_WaitOnRXNEFlagUntilTimeout
                0x08004bec       0xba ./Drivers/STM32F4xx_HAL_Driver/Src/stm32f4xx_hal_i2c.o
 .text.I2C_IsAcknowledgeFailed
                0x08004ca6       0x5e ./Drivers/STM32F4xx_HAL_Driver/Src/stm32f4xx_hal_i2c.o
 .text.I2C_ConvertOtherXferOptions
                0x08004d04       0x36 ./Drivers/STM32F4xx_HAL_Driver/Src/stm32f4xx_hal_i2c.o
 *fill*         0x08004d3a        0x2 
 .text.HAL_RCC_OscConfig
                0x08004d3c      0x4f0 ./Drivers/STM32F4xx_HAL_Driver/Src/stm32f4xx_hal_rcc.o
                0x08004d3c                HAL_RCC_OscConfig
 .text.HAL_RCC_ClockConfig
                0x0800522c      0x1cc ./Drivers/STM32F4xx_HAL_Driver/Src/stm32f4xx_hal_rcc.o
                0x0800522c                HAL_RCC_ClockConfig
 .text.HAL_RCC_GetSysClockFreq
                0x080053f8      0x20c ./Drivers/STM32F4xx_HAL_Driver/Src/stm32f4xx_hal_rcc.o
                0x080053f8                HAL_RCC_GetSysClockFreq
 .text.HAL_RCC_GetHCLKFreq
                0x08005604       0x18 ./Drivers/STM32F4xx_HAL_Driver/Src/stm32f4xx_hal_rcc.o
                0x08005604                HAL_RCC_GetHCLKFreq
 .text.HAL_RCC_GetPCLK1Freq
                0x0800561c       0x28 ./Drivers/STM32F4xx_HAL_Driver/Src/stm32f4xx_hal_rcc.o
                0x0800561c                HAL_RCC_GetPCLK1Freq
 .text.HAL_SPI_Init
                0x08005644      0x112 ./Drivers/STM32F4xx_HAL_Driver/Src/stm32f4xx_hal_spi.o
                0x08005644                HAL_SPI_Init
 .text.HAL_TIM_Base_Init
                0x08005756       0x9e ./Drivers/STM32F4xx_HAL_Driver/Src/stm32f4xx_hal_tim.o
                0x08005756                HAL_TIM_Base_Init
 .text.HAL_TIM_PWM_Init
                0x080057f4       0x9e ./Drivers/STM32F4xx_HAL_Driver/Src/stm32f4xx_hal_tim.o
                0x080057f4                HAL_TIM_PWM_Init
 .text.HAL_TIM_PWM_MspInit
                0x08005892       0x14 ./Drivers/STM32F4xx_HAL_Driver/Src/stm32f4xx_hal_tim.o
                0x08005892                HAL_TIM_PWM_MspInit
 *fill*         0x080058a6        0x2 
 .text.HAL_TIM_PWM_Start
                0x080058a8      0x190 ./Drivers/STM32F4xx_HAL_Driver/Src/stm32f4xx_hal_tim.o
                0x080058a8                HAL_TIM_PWM_Start
 .text.HAL_TIM_PWM_ConfigChannel
                0x08005a38      0x184 ./Drivers/STM32F4xx_HAL_Driver/Src/stm32f4xx_hal_tim.o
                0x08005a38                HAL_TIM_PWM_ConfigChannel
 .text.HAL_TIM_ConfigClockSource
                0x08005bbc      0x18e ./Drivers/STM32F4xx_HAL_Driver/Src/stm32f4xx_hal_tim.o
                0x08005bbc                HAL_TIM_ConfigClockSource
 *fill*         0x08005d4a        0x2 
 .text.TIM_Base_SetConfig
                0x08005d4c      0x158 ./Drivers/STM32F4xx_HAL_Driver/Src/stm32f4xx_hal_tim.o
                0x08005d4c                TIM_Base_SetConfig
 .text.TIM_OC1_SetConfig
                0x08005ea4       0xe0 ./Drivers/STM32F4xx_HAL_Driver/Src/stm32f4xx_hal_tim.o
 .text.TIM_OC2_SetConfig
                0x08005f84       0xec ./Drivers/STM32F4xx_HAL_Driver/Src/stm32f4xx_hal_tim.o
                0x08005f84                TIM_OC2_SetConfig
 .text.TIM_OC3_SetConfig
                0x08006070       0xe8 ./Drivers/STM32F4xx_HAL_Driver/Src/stm32f4xx_hal_tim.o
 .text.TIM_OC4_SetConfig
                0x08006158       0xac ./Drivers/STM32F4xx_HAL_Driver/Src/stm32f4xx_hal_tim.o
 .text.TIM_TI1_ConfigInputStage
                0x08006204       0x5e ./Drivers/STM32F4xx_HAL_Driver/Src/stm32f4xx_hal_tim.o
 .text.TIM_TI2_ConfigInputStage
                0x08006262       0x60 ./Drivers/STM32F4xx_HAL_Driver/Src/stm32f4xx_hal_tim.o
 .text.TIM_ITRx_SetConfig
                0x080062c2       0x36 ./Drivers/STM32F4xx_HAL_Driver/Src/stm32f4xx_hal_tim.o
 .text.TIM_ETR_SetConfig
                0x080062f8       0x40 ./Drivers/STM32F4xx_HAL_Driver/Src/stm32f4xx_hal_tim.o
                0x080062f8                TIM_ETR_SetConfig
 .text.TIM_CCxChannelCmd
                0x08006338       0x4a ./Drivers/STM32F4xx_HAL_Driver/Src/stm32f4xx_hal_tim.o
                0x08006338                TIM_CCxChannelCmd
 *fill*         0x08006382        0x2 
 .text.HAL_TIMEx_MasterConfigSynchronization
                0x08006384       0xf8 ./Drivers/STM32F4xx_HAL_Driver/Src/stm32f4xx_hal_tim_ex.o
                0x08006384                HAL_TIMEx_MasterConfigSynchronization
 .text.ekgSensor_storeSample
                0x0800647c       0x4c ./Lib/ekgSensor/ekgSensor.o
                0x0800647c                ekgSensor_storeSample
 .text.LL_SPI_Enable
                0x080064c8       0x20 ./Lib/ili9341/ili9341.o
 .text.ILI9341_Select
                0x080064e8       0x18 ./Lib/ili9341/ili9341.o
 .text.ILI9341_Unselect
                0x08006500       0x18 ./Lib/ili9341/ili9341.o
                0x08006500                ILI9341_Unselect
 .text.ILI9341_Reset
                0x08006518       0x2c ./Lib/ili9341/ili9341.o
 .text.SPI_WriteByte
                0x08006544       0x3c ./Lib/ili9341/ili9341.o
 .text.ILI9341_WriteCommand
                0x08006580       0x28 ./Lib/ili9341/ili9341.o
 .text.ILI9341_WriteData
                0x080065a8       0x6c ./Lib/ili9341/ili9341.o
 .text.ILI9341_SetAddressWindow
                0x08006614       0x90 ./Lib/ili9341/ili9341.o
 .text.ILI9341_Init
                0x080066a4       0x8c ./Lib/ili9341/ili9341.o
                0x080066a4                ILI9341_Init
 .text.ILI9341_FillRectangle
                0x08006730       0xd8 ./Lib/ili9341/ili9341.o
                0x08006730                ILI9341_FillRectangle
 .text.ILI9341_FillScreen
                0x08006808       0x24 ./Lib/ili9341/ili9341.o
                0x08006808                ILI9341_FillScreen
 .text.ILI9341_Backlight
                0x0800682c       0x24 ./Lib/ili9341/ili9341.o
                0x0800682c                ILI9341_Backlight
 .text.max030201_writeReg
                0x08006850       0x40 ./Lib/max030102/max030102.o
                0x08006850                max030201_writeReg
 .text.max030201_writeReg_IT
                0x08006890       0x3c ./Lib/max030102/max030102.o
                0x08006890                max030201_writeReg_IT
 .text.max030201_readReg
                0x080068cc       0x40 ./Lib/max030102/max030102.o
                0x080068cc                max030201_readReg
 .text.max030201_readReg_IT
                0x0800690c       0x3c ./Lib/max030102/max030102.o
                0x0800690c                max030201_readReg_IT
 .text.max030201_CheckDevice
                0x08006948       0x28 ./Lib/max030102/max030102.o
                0x08006948                max030201_CheckDevice
 .text.ppgSensor_Init
                0x08006970      0x120 ./Lib/ppgSensor/ppgSensor.o
                0x08006970                ppgSensor_Init
 .text.ppgSensor_calculate_spO2HB
                0x08006a90      0x244 ./Lib/ppgSensor/ppgSensor.o
                0x08006a90                ppgSensor_calculate_spO2HB
 .text.ppgSensor_PPGInterrupt
                0x08006cd4       0x9c ./Lib/ppgSensor/ppgSensor.o
                0x08006cd4                ppgSensor_PPGInterrupt
 .text.ppgSensor_I2CInterrupt
                0x08006d70       0x44 ./Lib/ppgSensor/ppgSensor.o
                0x08006d70                ppgSensor_I2CInterrupt
 .text.ppgSensor_Shutdown
                0x08006db4       0x48 ./Lib/ppgSensor/ppgSensor.o
                0x08006db4                ppgSensor_Shutdown
 .text.maxim_heart_rate_and_oxygen_saturation
                0x08006dfc      0x65c ./Lib/ppgSensor/spO2_algorithim.o
                0x08006dfc                maxim_heart_rate_and_oxygen_saturation
 .text.maxim_find_peaks
                0x08007458       0x42 ./Lib/ppgSensor/spO2_algorithim.o
                0x08007458                maxim_find_peaks
 .text.maxim_peaks_above_min_height
                0x0800749a       0xe8 ./Lib/ppgSensor/spO2_algorithim.o
                0x0800749a                maxim_peaks_above_min_height
 .text.maxim_remove_close_peaks
                0x08007582       0xc0 ./Lib/ppgSensor/spO2_algorithim.o
                0x08007582                maxim_remove_close_peaks
 .text.maxim_sort_ascend
                0x08007642       0x86 ./Lib/ppgSensor/spO2_algorithim.o
                0x08007642                maxim_sort_ascend
 .text.maxim_sort_indices_descend
                0x080076c8       0x98 ./Lib/ppgSensor/spO2_algorithim.o
                0x080076c8                maxim_sort_indices_descend
 .text.memset   0x08007760       0x10 C:/ST/STM32CubeIDE_1.17.0/STM32CubeIDE/plugins/com.st.stm32cube.ide.mcu.externaltools.gnu-tools-for-stm32.12.3.rel1.win32_1.1.0.202410251130/tools/bin/../lib/gcc/arm-none-eabi/12.3.1/../../../../arm-none-eabi/lib/thumb/v7e-m+fp/hard\libc_nano.a(libc_a-memset.o)
                0x08007760                memset
 .text.__libc_init_array
                0x08007770       0x48 C:/ST/STM32CubeIDE_1.17.0/STM32CubeIDE/plugins/com.st.stm32cube.ide.mcu.externaltools.gnu-tools-for-stm32.12.3.rel1.win32_1.1.0.202410251130/tools/bin/../lib/gcc/arm-none-eabi/12.3.1/../../../../arm-none-eabi/lib/thumb/v7e-m+fp/hard\libc_nano.a(libc_a-init.o)
                0x08007770                __libc_init_array
 *(.glue_7)
 .glue_7        0x080077b8        0x0 linker stubs
 *(.glue_7t)
 .glue_7t       0x080077b8        0x0 linker stubs
 *(.eh_frame)
 .eh_frame      0x080077b8        0x0 C:/ST/STM32CubeIDE_1.17.0/STM32CubeIDE/plugins/com.st.stm32cube.ide.mcu.externaltools.gnu-tools-for-stm32.12.3.rel1.win32_1.1.0.202410251130/tools/bin/../lib/gcc/arm-none-eabi/12.3.1/thumb/v7e-m+fp/hard/crtbegin.o
 *(.init)
 .init          0x080077b8        0x4 C:/ST/STM32CubeIDE_1.17.0/STM32CubeIDE/plugins/com.st.stm32cube.ide.mcu.externaltools.gnu-tools-for-stm32.12.3.rel1.win32_1.1.0.202410251130/tools/bin/../lib/gcc/arm-none-eabi/12.3.1/thumb/v7e-m+fp/hard/crti.o
                0x080077b8                _init
 .init          0x080077bc        0x8 C:/ST/STM32CubeIDE_1.17.0/STM32CubeIDE/plugins/com.st.stm32cube.ide.mcu.externaltools.gnu-tools-for-stm32.12.3.rel1.win32_1.1.0.202410251130/tools/bin/../lib/gcc/arm-none-eabi/12.3.1/thumb/v7e-m+fp/hard/crtn.o
 *(.fini)
 .fini          0x080077c4        0x4 C:/ST/STM32CubeIDE_1.17.0/STM32CubeIDE/plugins/com.st.stm32cube.ide.mcu.externaltools.gnu-tools-for-stm32.12.3.rel1.win32_1.1.0.202410251130/tools/bin/../lib/gcc/arm-none-eabi/12.3.1/thumb/v7e-m+fp/hard/crti.o
                0x080077c4                _fini
 .fini          0x080077c8        0x8 C:/ST/STM32CubeIDE_1.17.0/STM32CubeIDE/plugins/com.st.stm32cube.ide.mcu.externaltools.gnu-tools-for-stm32.12.3.rel1.win32_1.1.0.202410251130/tools/bin/../lib/gcc/arm-none-eabi/12.3.1/thumb/v7e-m+fp/hard/crtn.o
                0x080077d0                        . = ALIGN (0x4)
                0x080077d0                        _etext = .

.vfp11_veneer   0x080077d0        0x0
 .vfp11_veneer  0x080077d0        0x0 linker stubs

.v4_bx          0x080077d0        0x0
 .v4_bx         0x080077d0        0x0 linker stubs

.iplt           0x080077d0        0x0
 .iplt          0x080077d0        0x0 C:/ST/STM32CubeIDE_1.17.0/STM32CubeIDE/plugins/com.st.stm32cube.ide.mcu.externaltools.gnu-tools-for-stm32.12.3.rel1.win32_1.1.0.202410251130/tools/bin/../lib/gcc/arm-none-eabi/12.3.1/thumb/v7e-m+fp/hard/crtbegin.o

.rodata         0x080077d0       0x88
                0x080077d0                        . = ALIGN (0x4)
 *(.rodata)
 .rodata        0x080077d0        0x3 ./Lib/ppgSensor/ppgSensor.o
 *(.rodata*)
 *fill*         0x080077d3        0x1 
 .rodata.AHBPrescTable
                0x080077d4       0x10 ./Core/Src/system_stm32f4xx.o
                0x080077d4                AHBPrescTable
 .rodata.APBPrescTable
                0x080077e4        0x8 ./Core/Src/system_stm32f4xx.o
                0x080077e4                APBPrescTable
 .rodata.initcmdlist
                0x080077ec       0x6a ./Lib/ili9341/ili9341.o
                0x08007858                        . = ALIGN (0x4)
 *fill*         0x08007856        0x2 

.ARM.extab      0x08007858        0x0
                0x08007858                        . = ALIGN (0x4)
 *(.ARM.extab* .gnu.linkonce.armextab.*)
                0x08007858                        . = ALIGN (0x4)

.ARM            0x08007858        0x8
                0x08007858                        . = ALIGN (0x4)
                0x08007858                        __exidx_start = .
 *(.ARM.exidx*)
 .ARM.exidx     0x08007858        0x8 C:/ST/STM32CubeIDE_1.17.0/STM32CubeIDE/plugins/com.st.stm32cube.ide.mcu.externaltools.gnu-tools-for-stm32.12.3.rel1.win32_1.1.0.202410251130/tools/bin/../lib/gcc/arm-none-eabi/12.3.1/thumb/v7e-m+fp/hard\libgcc.a(_udivmoddi4.o)
                0x08007860                        __exidx_end = .
                0x08007860                        . = ALIGN (0x4)

.preinit_array  0x08007860        0x0
                0x08007860                        . = ALIGN (0x4)
                0x08007860                        PROVIDE (__preinit_array_start = .)
 *(.preinit_array*)
                0x08007860                        PROVIDE (__preinit_array_end = .)
                0x08007860                        . = ALIGN (0x4)

.init_array     0x08007860        0x4
                0x08007860                        . = ALIGN (0x4)
                0x08007860                        PROVIDE (__init_array_start = .)
 *(SORT_BY_NAME(.init_array.*))
 *(.init_array*)
 .init_array    0x08007860        0x4 C:/ST/STM32CubeIDE_1.17.0/STM32CubeIDE/plugins/com.st.stm32cube.ide.mcu.externaltools.gnu-tools-for-stm32.12.3.rel1.win32_1.1.0.202410251130/tools/bin/../lib/gcc/arm-none-eabi/12.3.1/thumb/v7e-m+fp/hard/crtbegin.o
                0x08007864                        PROVIDE (__init_array_end = .)
                0x08007864                        . = ALIGN (0x4)

.fini_array     0x08007864        0x4
                0x08007864                        . = ALIGN (0x4)
                [!provide]                        PROVIDE (__fini_array_start = .)
 *(SORT_BY_NAME(.fini_array.*))
 *(.fini_array*)
 .fini_array    0x08007864        0x4 C:/ST/STM32CubeIDE_1.17.0/STM32CubeIDE/plugins/com.st.stm32cube.ide.mcu.externaltools.gnu-tools-for-stm32.12.3.rel1.win32_1.1.0.202410251130/tools/bin/../lib/gcc/arm-none-eabi/12.3.1/thumb/v7e-m+fp/hard/crtbegin.o
                [!provide]                        PROVIDE (__fini_array_end = .)
                0x08007868                        . = ALIGN (0x4)
                0x08007868                        _sidata = LOADADDR (.data)

.rel.dyn        0x08007868        0x0
 .rel.iplt      0x08007868        0x0 C:/ST/STM32CubeIDE_1.17.0/STM32CubeIDE/plugins/com.st.stm32cube.ide.mcu.externaltools.gnu-tools-for-stm32.12.3.rel1.win32_1.1.0.202410251130/tools/bin/../lib/gcc/arm-none-eabi/12.3.1/thumb/v7e-m+fp/hard/crtbegin.o

.data           0x20000000        0xc load address 0x08007868
                0x20000000                        . = ALIGN (0x4)
                0x20000000                        _sdata = .
 *(.data)
 *(.data*)
 .data.SystemCoreClock
                0x20000000        0x4 ./Core/Src/system_stm32f4xx.o
                0x20000000                SystemCoreClock
 .data.uwTickPrio
                0x20000004        0x4 ./Drivers/STM32F4xx_HAL_Driver/Src/stm32f4xx_hal.o
                0x20000004                uwTickPrio
 .data.uwTickFreq
                0x20000008        0x1 ./Drivers/STM32F4xx_HAL_Driver/Src/stm32f4xx_hal.o
                0x20000008                uwTickFreq
 *(.RamFunc)
 *(.RamFunc*)
                0x2000000c                        . = ALIGN (0x4)
 *fill*         0x20000009        0x3 
                0x2000000c                        _edata = .
                0x08007874                        _siccmram = LOADADDR (.ccmram)

.igot.plt       0x2000000c        0x0 load address 0x08007874
 .igot.plt      0x2000000c        0x0 C:/ST/STM32CubeIDE_1.17.0/STM32CubeIDE/plugins/com.st.stm32cube.ide.mcu.externaltools.gnu-tools-for-stm32.12.3.rel1.win32_1.1.0.202410251130/tools/bin/../lib/gcc/arm-none-eabi/12.3.1/thumb/v7e-m+fp/hard/crtbegin.o

.ccmram         0x10000000        0x0 load address 0x08007874
                0x10000000                        . = ALIGN (0x4)
                0x10000000                        _sccmram = .
 *(.ccmram)
 *(.ccmram*)
                0x10000000                        . = ALIGN (0x4)
                0x10000000                        _eccmram = .
                0x10000000                        . = ALIGN (0x4)

.bss            0x2000000c     0x2018
                0x2000000c                        _sbss = .
                0x2000000c                        __bss_start__ = _sbss
 *(.bss)
 .bss           0x2000000c       0x1c C:/ST/STM32CubeIDE_1.17.0/STM32CubeIDE/plugins/com.st.stm32cube.ide.mcu.externaltools.gnu-tools-for-stm32.12.3.rel1.win32_1.1.0.202410251130/tools/bin/../lib/gcc/arm-none-eabi/12.3.1/thumb/v7e-m+fp/hard/crtbegin.o
 *(.bss*)
 .bss.hadc1     0x20000028       0x48 ./Core/Src/main.o
                0x20000028                hadc1
 .bss.hi2c1     0x20000070       0x54 ./Core/Src/main.o
                0x20000070                hi2c1
 .bss.hspi1     0x200000c4       0x58 ./Core/Src/main.o
                0x200000c4                hspi1
 .bss.htim3     0x2000011c       0x48 ./Core/Src/main.o
                0x2000011c                htim3
 .bss.intcount  0x20000164       0x10 ./Core/Src/main.o
                0x20000164                intcount
 .bss.debounce  0x20000174        0x3 ./Core/Src/main.o
                0x20000174                debounce
 *fill*         0x20000177        0x1 
 .bss.adcvalue  0x20000178        0x2 ./Core/Src/main.o
                0x20000178                adcvalue
 *fill*         0x2000017a        0x2 
 .bss.time_pv.0
                0x2000017c        0xc ./Core/Src/main.o
 .bss.uwTick    0x20000188        0x4 ./Drivers/STM32F4xx_HAL_Driver/Src/stm32f4xx_hal.o
                0x20000188                uwTick
 .bss.numofsamples
                0x2000018c        0x2 ./Lib/ekgSensor/ekgSensor.o
                0x2000018c                numofsamples
 *fill*         0x2000018e        0x2 
 .bss.ekgSamples
                0x20000190     0x1770 ./Lib/ekgSensor/ekgSensor.o
                0x20000190                ekgSamples
 .bss.SensorRegMap
                0x20001900       0x13 ./Lib/ppgSensor/ppgSensor.o
                0x20001900                SensorRegMap
 .bss.ppgDataReady
                0x20001913        0x1 ./Lib/ppgSensor/ppgSensor.o
                0x20001913                ppgDataReady
 .bss.ppgBusy   0x20001914        0x1 ./Lib/ppgSensor/ppgSensor.o
                0x20001914                ppgBusy
 *fill*         0x20001915        0x3 
 .bss.ppgSampleData
                0x20001918       0x96 ./Lib/ppgSensor/ppgSensor.o
                0x20001918                ppgSampleData
 *fill*         0x200019ae        0x2 
 .bss.ppgDataBuffer
                0x200019b0      0x320 ./Lib/ppgSensor/ppgSensor.o
                0x200019b0                ppgDataBuffer
 .bss.ppgInterrupt
                0x20001cd0        0x1 ./Lib/ppgSensor/ppgSensor.o
                0x20001cd0                ppgInterrupt
 *fill*         0x20001cd1        0x3 
 .bss.heartRate
                0x20001cd4        0x4 ./Lib/ppgSensor/ppgSensor.o
                0x20001cd4                heartRate
 .bss.heartRates
                0x20001cd8       0x10 ./Lib/ppgSensor/ppgSensor.o
                0x20001cd8                heartRates
 .bss.heartRate_pv
                0x20001ce8        0x4 ./Lib/ppgSensor/ppgSensor.o
                0x20001ce8                heartRate_pv
 .bss.spO2      0x20001cec        0x4 ./Lib/ppgSensor/ppgSensor.o
                0x20001cec                spO2
 .bss.spO2_pv   0x20001cf0        0x4 ./Lib/ppgSensor/ppgSensor.o
                0x20001cf0                spO2_pv
 .bss.spO2Valid_PC
                0x20001cf4        0x4 ./Lib/ppgSensor/ppgSensor.o
                0x20001cf4                spO2Valid_PC
 .bss.heartRateValid_PC
                0x20001cf8        0x4 ./Lib/ppgSensor/ppgSensor.o
                0x20001cf8                heartRateValid_PC
 .bss.spO2Valid
                0x20001cfc        0x1 ./Lib/ppgSensor/ppgSensor.o
                0x20001cfc                spO2Valid
 .bss.heartRateValid
                0x20001cfd        0x1 ./Lib/ppgSensor/ppgSensor.o
                0x20001cfd                heartRateValid
 .bss.ppgSensorFail
                0x20001cfe        0x1 ./Lib/ppgSensor/ppgSensor.o
                0x20001cfe                ppgSensorFail
 *fill*         0x20001cff        0x1 
 .bss.tempdata  0x20001d00        0x4 ./Lib/ppgSensor/ppgSensor.o
                0x20001d00                tempdata
 .bss.an_x      0x20001d04      0x190 ./Lib/ppgSensor/spO2_algorithim.o
                0x20001d04                an_x
 .bss.an_y      0x20001e94      0x190 ./Lib/ppgSensor/spO2_algorithim.o
                0x20001e94                an_y
 *(COMMON)
                0x20002024                        . = ALIGN (0x4)
                0x20002024                        _ebss = .
                0x20002024                        __bss_end__ = _ebss

._user_heap_stack
                0x20002024      0x604
                0x20002028                        . = ALIGN (0x8)
 *fill*         0x20002024        0x4 
                [!provide]                        PROVIDE (end = .)
                0x20002028                        PROVIDE (_end = .)
                0x20002228                        . = (. + _Min_Heap_Size)
 *fill*         0x20002028      0x200 
                0x20002628                        . = (. + _Min_Stack_Size)
 *fill*         0x20002228      0x400 
                0x20002628                        . = ALIGN (0x8)

/DISCARD/
 libc.a(*)
 libm.a(*)
 libgcc.a(*)

.ARM.attributes
                0x00000000       0x30
 *(.ARM.attributes)
 .ARM.attributes
                0x00000000       0x22 C:/ST/STM32CubeIDE_1.17.0/STM32CubeIDE/plugins/com.st.stm32cube.ide.mcu.externaltools.gnu-tools-for-stm32.12.3.rel1.win32_1.1.0.202410251130/tools/bin/../lib/gcc/arm-none-eabi/12.3.1/thumb/v7e-m+fp/hard/crti.o
 .ARM.attributes
                0x00000022       0x34 C:/ST/STM32CubeIDE_1.17.0/STM32CubeIDE/plugins/com.st.stm32cube.ide.mcu.externaltools.gnu-tools-for-stm32.12.3.rel1.win32_1.1.0.202410251130/tools/bin/../lib/gcc/arm-none-eabi/12.3.1/thumb/v7e-m+fp/hard/crtbegin.o
 .ARM.attributes
                0x00000056       0x34 ./Core/Src/main.o
 .ARM.attributes
                0x0000008a       0x34 ./Core/Src/stm32f4xx_hal_msp.o
 .ARM.attributes
                0x000000be       0x34 ./Core/Src/stm32f4xx_it.o
 .ARM.attributes
                0x000000f2       0x34 ./Core/Src/system_stm32f4xx.o
 .ARM.attributes
                0x00000126       0x21 ./Core/Startup/startup_stm32f407vgtx.o
 .ARM.attributes
                0x00000147       0x34 ./Drivers/STM32F4xx_HAL_Driver/Src/stm32f4xx_hal.o
 .ARM.attributes
                0x0000017b       0x34 ./Drivers/STM32F4xx_HAL_Driver/Src/stm32f4xx_hal_adc.o
 .ARM.attributes
                0x000001af       0x34 ./Drivers/STM32F4xx_HAL_Driver/Src/stm32f4xx_hal_adc_ex.o
 .ARM.attributes
                0x000001e3       0x34 ./Drivers/STM32F4xx_HAL_Driver/Src/stm32f4xx_hal_cortex.o
 .ARM.attributes
                0x00000217       0x34 ./Drivers/STM32F4xx_HAL_Driver/Src/stm32f4xx_hal_dma.o
 .ARM.attributes
                0x0000024b       0x34 ./Drivers/STM32F4xx_HAL_Driver/Src/stm32f4xx_hal_gpio.o
 .ARM.attributes
                0x0000027f       0x34 ./Drivers/STM32F4xx_HAL_Driver/Src/stm32f4xx_hal_i2c.o
 .ARM.attributes
                0x000002b3       0x34 ./Drivers/STM32F4xx_HAL_Driver/Src/stm32f4xx_hal_rcc.o
 .ARM.attributes
                0x000002e7       0x34 ./Drivers/STM32F4xx_HAL_Driver/Src/stm32f4xx_hal_spi.o
 .ARM.attributes
                0x0000031b       0x34 ./Drivers/STM32F4xx_HAL_Driver/Src/stm32f4xx_hal_tim.o
 .ARM.attributes
                0x0000034f       0x34 ./Drivers/STM32F4xx_HAL_Driver/Src/stm32f4xx_hal_tim_ex.o
 .ARM.attributes
                0x00000383       0x34 ./Lib/ekgSensor/ekgSensor.o
 .ARM.attributes
                0x000003b7       0x34 ./Lib/ili9341/ili9341.o
 .ARM.attributes
                0x000003eb       0x34 ./Lib/max030102/max030102.o
 .ARM.attributes
                0x0000041f       0x34 ./Lib/ppgSensor/ppgSensor.o
 .ARM.attributes
                0x00000453       0x34 ./Lib/ppgSensor/spO2_algorithim.o
 .ARM.attributes
                0x00000487       0x34 C:/ST/STM32CubeIDE_1.17.0/STM32CubeIDE/plugins/com.st.stm32cube.ide.mcu.externaltools.gnu-tools-for-stm32.12.3.rel1.win32_1.1.0.202410251130/tools/bin/../lib/gcc/arm-none-eabi/12.3.1/../../../../arm-none-eabi/lib/thumb/v7e-m+fp/hard\libc_nano.a(libc_a-memset.o)
 .ARM.attributes
                0x000004bb       0x34 C:/ST/STM32CubeIDE_1.17.0/STM32CubeIDE/plugins/com.st.stm32cube.ide.mcu.externaltools.gnu-tools-for-stm32.12.3.rel1.win32_1.1.0.202410251130/tools/bin/../lib/gcc/arm-none-eabi/12.3.1/../../../../arm-none-eabi/lib/thumb/v7e-m+fp/hard\libc_nano.a(libc_a-init.o)
 .ARM.attributes
                0x000004ef       0x22 C:/ST/STM32CubeIDE_1.17.0/STM32CubeIDE/plugins/com.st.stm32cube.ide.mcu.externaltools.gnu-tools-for-stm32.12.3.rel1.win32_1.1.0.202410251130/tools/bin/../lib/gcc/arm-none-eabi/12.3.1/thumb/v7e-m+fp/hard\libgcc.a(_aeabi_uldivmod.o)
 .ARM.attributes
                0x00000511       0x34 C:/ST/STM32CubeIDE_1.17.0/STM32CubeIDE/plugins/com.st.stm32cube.ide.mcu.externaltools.gnu-tools-for-stm32.12.3.rel1.win32_1.1.0.202410251130/tools/bin/../lib/gcc/arm-none-eabi/12.3.1/thumb/v7e-m+fp/hard\libgcc.a(_udivmoddi4.o)
 .ARM.attributes
                0x00000545       0x22 C:/ST/STM32CubeIDE_1.17.0/STM32CubeIDE/plugins/com.st.stm32cube.ide.mcu.externaltools.gnu-tools-for-stm32.12.3.rel1.win32_1.1.0.202410251130/tools/bin/../lib/gcc/arm-none-eabi/12.3.1/thumb/v7e-m+fp/hard\libgcc.a(_dvmd_tls.o)
 .ARM.attributes
                0x00000567       0x22 C:/ST/STM32CubeIDE_1.17.0/STM32CubeIDE/plugins/com.st.stm32cube.ide.mcu.externaltools.gnu-tools-for-stm32.12.3.rel1.win32_1.1.0.202410251130/tools/bin/../lib/gcc/arm-none-eabi/12.3.1/thumb/v7e-m+fp/hard/crtn.o
OUTPUT(HeartRateMonitor.elf elf32-littlearm)
LOAD linker stubs
LOAD C:/ST/STM32CubeIDE_1.17.0/STM32CubeIDE/plugins/com.st.stm32cube.ide.mcu.externaltools.gnu-tools-for-stm32.12.3.rel1.win32_1.1.0.202410251130/tools/bin/../lib/gcc/arm-none-eabi/12.3.1/../../../../arm-none-eabi/lib/thumb/v7e-m+fp/hard\libc.a
LOAD C:/ST/STM32CubeIDE_1.17.0/STM32CubeIDE/plugins/com.st.stm32cube.ide.mcu.externaltools.gnu-tools-for-stm32.12.3.rel1.win32_1.1.0.202410251130/tools/bin/../lib/gcc/arm-none-eabi/12.3.1/../../../../arm-none-eabi/lib/thumb/v7e-m+fp/hard\libm.a
LOAD C:/ST/STM32CubeIDE_1.17.0/STM32CubeIDE/plugins/com.st.stm32cube.ide.mcu.externaltools.gnu-tools-for-stm32.12.3.rel1.win32_1.1.0.202410251130/tools/bin/../lib/gcc/arm-none-eabi/12.3.1/thumb/v7e-m+fp/hard\libgcc.a

.debug_info     0x00000000    0x122b5
 .debug_info    0x00000000     0x1fa1 ./Core/Src/main.o
 .debug_info    0x00001fa1     0x1587 ./Core/Src/stm32f4xx_hal_msp.o
 .debug_info    0x00003528      0x964 ./Core/Src/stm32f4xx_it.o
 .debug_info    0x00003e8c      0x512 ./Core/Src/system_stm32f4xx.o
 .debug_info    0x0000439e       0x30 ./Core/Startup/startup_stm32f407vgtx.o
 .debug_info    0x000043ce      0x944 ./Drivers/STM32F4xx_HAL_Driver/Src/stm32f4xx_hal.o
 .debug_info    0x00004d12      0xcd4 ./Drivers/STM32F4xx_HAL_Driver/Src/stm32f4xx_hal_adc.o
 .debug_info    0x000059e6      0xb59 ./Drivers/STM32F4xx_HAL_Driver/Src/stm32f4xx_hal_adc_ex.o
 .debug_info    0x0000653f      0xd8c ./Drivers/STM32F4xx_HAL_Driver/Src/stm32f4xx_hal_cortex.o
 .debug_info    0x000072cb      0x8e7 ./Drivers/STM32F4xx_HAL_Driver/Src/stm32f4xx_hal_dma.o
 .debug_info    0x00007bb2      0x6c3 ./Drivers/STM32F4xx_HAL_Driver/Src/stm32f4xx_hal_gpio.o
 .debug_info    0x00008275     0x2415 ./Drivers/STM32F4xx_HAL_Driver/Src/stm32f4xx_hal_i2c.o
 .debug_info    0x0000a68a      0x8af ./Drivers/STM32F4xx_HAL_Driver/Src/stm32f4xx_hal_rcc.o
 .debug_info    0x0000af39     0x1525 ./Drivers/STM32F4xx_HAL_Driver/Src/stm32f4xx_hal_spi.o
 .debug_info    0x0000c45e     0x299d ./Drivers/STM32F4xx_HAL_Driver/Src/stm32f4xx_hal_tim.o
 .debug_info    0x0000edfb     0x14db ./Drivers/STM32F4xx_HAL_Driver/Src/stm32f4xx_hal_tim_ex.o
 .debug_info    0x000102d6      0x1ff ./Lib/ekgSensor/ekgSensor.o
 .debug_info    0x000104d5      0x75e ./Lib/ili9341/ili9341.o
 .debug_info    0x00010c33      0x8ac ./Lib/max030102/max030102.o
 .debug_info    0x000114df      0x8cf ./Lib/ppgSensor/ppgSensor.o
 .debug_info    0x00011dae      0x507 ./Lib/ppgSensor/spO2_algorithim.o

.debug_abbrev   0x00000000     0x2b9f
 .debug_abbrev  0x00000000      0x36c ./Core/Src/main.o
 .debug_abbrev  0x0000036c      0x239 ./Core/Src/stm32f4xx_hal_msp.o
 .debug_abbrev  0x000005a5      0x1c6 ./Core/Src/stm32f4xx_it.o
 .debug_abbrev  0x0000076b      0x11a ./Core/Src/system_stm32f4xx.o
 .debug_abbrev  0x00000885       0x24 ./Core/Startup/startup_stm32f407vgtx.o
 .debug_abbrev  0x000008a9      0x214 ./Drivers/STM32F4xx_HAL_Driver/Src/stm32f4xx_hal.o
 .debug_abbrev  0x00000abd      0x252 ./Drivers/STM32F4xx_HAL_Driver/Src/stm32f4xx_hal_adc.o
 .debug_abbrev  0x00000d0f      0x270 ./Drivers/STM32F4xx_HAL_Driver/Src/stm32f4xx_hal_adc_ex.o
 .debug_abbrev  0x00000f7f      0x31d ./Drivers/STM32F4xx_HAL_Driver/Src/stm32f4xx_hal_cortex.o
 .debug_abbrev  0x0000129c      0x264 ./Drivers/STM32F4xx_HAL_Driver/Src/stm32f4xx_hal_dma.o
 .debug_abbrev  0x00001500      0x1d4 ./Drivers/STM32F4xx_HAL_Driver/Src/stm32f4xx_hal_gpio.o
 .debug_abbrev  0x000016d4      0x2ad ./Drivers/STM32F4xx_HAL_Driver/Src/stm32f4xx_hal_i2c.o
 .debug_abbrev  0x00001981      0x2b7 ./Drivers/STM32F4xx_HAL_Driver/Src/stm32f4xx_hal_rcc.o
 .debug_abbrev  0x00001c38      0x27a ./Drivers/STM32F4xx_HAL_Driver/Src/stm32f4xx_hal_spi.o
 .debug_abbrev  0x00001eb2      0x278 ./Drivers/STM32F4xx_HAL_Driver/Src/stm32f4xx_hal_tim.o
 .debug_abbrev  0x0000212a      0x283 ./Drivers/STM32F4xx_HAL_Driver/Src/stm32f4xx_hal_tim_ex.o
 .debug_abbrev  0x000023ad      0x108 ./Lib/ekgSensor/ekgSensor.o
 .debug_abbrev  0x000024b5      0x1f1 ./Lib/ili9341/ili9341.o
 .debug_abbrev  0x000026a6      0x18d ./Lib/max030102/max030102.o
 .debug_abbrev  0x00002833      0x21c ./Lib/ppgSensor/ppgSensor.o
 .debug_abbrev  0x00002a4f      0x150 ./Lib/ppgSensor/spO2_algorithim.o

.debug_aranges  0x00000000     0x1210
 .debug_aranges
                0x00000000       0x78 ./Core/Src/main.o
 .debug_aranges
                0x00000078       0x60 ./Core/Src/stm32f4xx_hal_msp.o
 .debug_aranges
                0x000000d8       0x90 ./Core/Src/stm32f4xx_it.o
 .debug_aranges
                0x00000168       0x28 ./Core/Src/system_stm32f4xx.o
 .debug_aranges
                0x00000190       0x28 ./Core/Startup/startup_stm32f407vgtx.o
 .debug_aranges
                0x000001b8       0xf0 ./Drivers/STM32F4xx_HAL_Driver/Src/stm32f4xx_hal.o
 .debug_aranges
                0x000002a8       0xe8 ./Drivers/STM32F4xx_HAL_Driver/Src/stm32f4xx_hal_adc.o
 .debug_aranges
                0x00000390       0x90 ./Drivers/STM32F4xx_HAL_Driver/Src/stm32f4xx_hal_adc_ex.o
 .debug_aranges
                0x00000420      0x130 ./Drivers/STM32F4xx_HAL_Driver/Src/stm32f4xx_hal_cortex.o
 .debug_aranges
                0x00000550       0x90 ./Drivers/STM32F4xx_HAL_Driver/Src/stm32f4xx_hal_dma.o
 .debug_aranges
                0x000005e0       0x58 ./Drivers/STM32F4xx_HAL_Driver/Src/stm32f4xx_hal_gpio.o
 .debug_aranges
                0x00000638      0x2a8 ./Drivers/STM32F4xx_HAL_Driver/Src/stm32f4xx_hal_i2c.o
 .debug_aranges
                0x000008e0       0x88 ./Drivers/STM32F4xx_HAL_Driver/Src/stm32f4xx_hal_rcc.o
 .debug_aranges
                0x00000968      0x1d0 ./Drivers/STM32F4xx_HAL_Driver/Src/stm32f4xx_hal_spi.o
 .debug_aranges
                0x00000b38      0x3d0 ./Drivers/STM32F4xx_HAL_Driver/Src/stm32f4xx_hal_tim.o
 .debug_aranges
                0x00000f08      0x168 ./Drivers/STM32F4xx_HAL_Driver/Src/stm32f4xx_hal_tim_ex.o
 .debug_aranges
                0x00001070       0x28 ./Lib/ekgSensor/ekgSensor.o
 .debug_aranges
                0x00001098       0xa0 ./Lib/ili9341/ili9341.o
 .debug_aranges
                0x00001138       0x48 ./Lib/max030102/max030102.o
 .debug_aranges
                0x00001180       0x48 ./Lib/ppgSensor/ppgSensor.o
 .debug_aranges
                0x000011c8       0x48 ./Lib/ppgSensor/spO2_algorithim.o

.debug_rnglists
                0x00000000      0xe1c
 .debug_rnglists
                0x00000000       0x5a ./Core/Src/main.o
 .debug_rnglists
                0x0000005a       0x46 ./Core/Src/stm32f4xx_hal_msp.o
 .debug_rnglists
                0x000000a0       0x67 ./Core/Src/stm32f4xx_it.o
 .debug_rnglists
                0x00000107       0x1a ./Core/Src/system_stm32f4xx.o
 .debug_rnglists
                0x00000121       0x19 ./Core/Startup/startup_stm32f407vgtx.o
 .debug_rnglists
                0x0000013a       0xaf ./Drivers/STM32F4xx_HAL_Driver/Src/stm32f4xx_hal.o
 .debug_rnglists
                0x000001e9       0xb5 ./Drivers/STM32F4xx_HAL_Driver/Src/stm32f4xx_hal_adc.o
 .debug_rnglists
                0x0000029e       0x71 ./Drivers/STM32F4xx_HAL_Driver/Src/stm32f4xx_hal_adc_ex.o
 .debug_rnglists
                0x0000030f       0xe0 ./Drivers/STM32F4xx_HAL_Driver/Src/stm32f4xx_hal_cortex.o
 .debug_rnglists
                0x000003ef       0x70 ./Drivers/STM32F4xx_HAL_Driver/Src/stm32f4xx_hal_dma.o
 .debug_rnglists
                0x0000045f       0x3f ./Drivers/STM32F4xx_HAL_Driver/Src/stm32f4xx_hal_gpio.o
 .debug_rnglists
                0x0000049e      0x23c ./Drivers/STM32F4xx_HAL_Driver/Src/stm32f4xx_hal_i2c.o
 .debug_rnglists
                0x000006da       0x66 ./Drivers/STM32F4xx_HAL_Driver/Src/stm32f4xx_hal_rcc.o
 .debug_rnglists
                0x00000740      0x16f ./Drivers/STM32F4xx_HAL_Driver/Src/stm32f4xx_hal_spi.o
 .debug_rnglists
                0x000008af      0x31a ./Drivers/STM32F4xx_HAL_Driver/Src/stm32f4xx_hal_tim.o
 .debug_rnglists
                0x00000bc9      0x125 ./Drivers/STM32F4xx_HAL_Driver/Src/stm32f4xx_hal_tim_ex.o
 .debug_rnglists
                0x00000cee       0x1a ./Lib/ekgSensor/ekgSensor.o
 .debug_rnglists
                0x00000d08       0x79 ./Lib/ili9341/ili9341.o
 .debug_rnglists
                0x00000d81       0x31 ./Lib/max030102/max030102.o
 .debug_rnglists
                0x00000db2       0x34 ./Lib/ppgSensor/ppgSensor.o
 .debug_rnglists
                0x00000de6       0x36 ./Lib/ppgSensor/spO2_algorithim.o

.debug_macro    0x00000000    0x23711
 .debug_macro   0x00000000      0x33b ./Core/Src/main.o
 .debug_macro   0x0000033b      0xab4 ./Core/Src/main.o
 .debug_macro   0x00000def      0x2a7 ./Core/Src/main.o
 .debug_macro   0x00001096       0x2e ./Core/Src/main.o
 .debug_macro   0x000010c4       0x2f ./Core/Src/main.o
 .debug_macro   0x000010f3       0x22 ./Core/Src/main.o
 .debug_macro   0x00001115       0x8e ./Core/Src/main.o
 .debug_macro   0x000011a3       0x51 ./Core/Src/main.o
 .debug_macro   0x000011f4      0x103 ./Core/Src/main.o
 .debug_macro   0x000012f7       0x6a ./Core/Src/main.o
 .debug_macro   0x00001361      0x1df ./Core/Src/main.o
 .debug_macro   0x00001540       0x1c ./Core/Src/main.o
 .debug_macro   0x0000155c       0x22 ./Core/Src/main.o
 .debug_macro   0x0000157e       0xfb ./Core/Src/main.o
 .debug_macro   0x00001679     0x1011 ./Core/Src/main.o
 .debug_macro   0x0000268a      0x11f ./Core/Src/main.o
 .debug_macro   0x000027a9    0x15e97 ./Core/Src/main.o
 .debug_macro   0x00018640       0x6d ./Core/Src/main.o
 .debug_macro   0x000186ad     0x369a ./Core/Src/main.o
 .debug_macro   0x0001bd47      0x189 ./Core/Src/main.o
 .debug_macro   0x0001bed0       0x5c ./Core/Src/main.o
 .debug_macro   0x0001bf2c      0x980 ./Core/Src/main.o
 .debug_macro   0x0001c8ac      0x9e9 ./Core/Src/main.o
 .debug_macro   0x0001d295      0x115 ./Core/Src/main.o
 .debug_macro   0x0001d3aa      0x13e ./Core/Src/main.o
 .debug_macro   0x0001d4e8       0xa5 ./Core/Src/main.o
 .debug_macro   0x0001d58d      0x174 ./Core/Src/main.o
 .debug_macro   0x0001d701      0x287 ./Core/Src/main.o
 .debug_macro   0x0001d988       0x5f ./Core/Src/main.o
 .debug_macro   0x0001d9e7      0x236 ./Core/Src/main.o
 .debug_macro   0x0001dc1d      0xb5b ./Core/Src/main.o
 .debug_macro   0x0001e778      0x38b ./Core/Src/main.o
 .debug_macro   0x0001eb03      0x176 ./Core/Src/main.o
 .debug_macro   0x0001ec79       0xf9 ./Core/Src/main.o
 .debug_macro   0x0001ed72      0x12c ./Core/Src/main.o
 .debug_macro   0x0001ee9e      0x21e ./Core/Src/main.o
 .debug_macro   0x0001f0bc       0x2e ./Core/Src/main.o
 .debug_macro   0x0001f0ea      0x1b5 ./Core/Src/main.o
 .debug_macro   0x0001f29f       0xd6 ./Core/Src/main.o
 .debug_macro   0x0001f375      0x127 ./Core/Src/main.o
 .debug_macro   0x0001f49c       0x7e ./Core/Src/main.o
 .debug_macro   0x0001f51a       0x89 ./Core/Src/main.o
 .debug_macro   0x0001f5a3      0x225 ./Core/Src/main.o
 .debug_macro   0x0001f7c8      0x8ed ./Core/Src/main.o
 .debug_macro   0x000200b5       0x4d ./Core/Src/main.o
 .debug_macro   0x00020102      0x12d ./Core/Src/main.o
 .debug_macro   0x0002022f       0x9a ./Core/Src/main.o
 .debug_macro   0x000202c9       0xa0 ./Core/Src/main.o
 .debug_macro   0x00020369       0x1c ./Core/Src/main.o
 .debug_macro   0x00020385       0x22 ./Core/Src/main.o
 .debug_macro   0x000203a7      0x1f6 ./Core/Src/main.o
 .debug_macro   0x0002059d       0x61 ./Core/Src/main.o
 .debug_macro   0x000205fe       0x2a ./Core/Src/main.o
 .debug_macro   0x00020628       0x43 ./Core/Src/main.o
 .debug_macro   0x0002066b       0x34 ./Core/Src/main.o
 .debug_macro   0x0002069f       0x16 ./Core/Src/main.o
 .debug_macro   0x000206b5       0x35 ./Core/Src/main.o
 .debug_macro   0x000206ea      0x369 ./Core/Src/main.o
 .debug_macro   0x00020a53       0x10 ./Core/Src/main.o
 .debug_macro   0x00020a63       0x16 ./Core/Src/main.o
 .debug_macro   0x00020a79       0x43 ./Core/Src/main.o
 .debug_macro   0x00020abc       0x34 ./Core/Src/main.o
 .debug_macro   0x00020af0       0x10 ./Core/Src/main.o
 .debug_macro   0x00020b00       0x58 ./Core/Src/main.o
 .debug_macro   0x00020b58       0x8e ./Core/Src/main.o
 .debug_macro   0x00020be6       0x1c ./Core/Src/main.o
 .debug_macro   0x00020c02      0x177 ./Core/Src/main.o
 .debug_macro   0x00020d79       0x16 ./Core/Src/main.o
 .debug_macro   0x00020d8f       0x16 ./Core/Src/main.o
 .debug_macro   0x00020da5      0x146 ./Core/Src/main.o
 .debug_macro   0x00020eeb      0x21f ./Core/Src/stm32f4xx_hal_msp.o
 .debug_macro   0x0002110a      0x229 ./Core/Src/stm32f4xx_it.o
 .debug_macro   0x00021333      0x210 ./Core/Src/system_stm32f4xx.o
 .debug_macro   0x00021543      0x270 ./Drivers/STM32F4xx_HAL_Driver/Src/stm32f4xx_hal.o
 .debug_macro   0x000217b3      0x211 ./Drivers/STM32F4xx_HAL_Driver/Src/stm32f4xx_hal_adc.o
 .debug_macro   0x000219c4      0x210 ./Drivers/STM32F4xx_HAL_Driver/Src/stm32f4xx_hal_adc_ex.o
 .debug_macro   0x00021bd4      0x210 ./Drivers/STM32F4xx_HAL_Driver/Src/stm32f4xx_hal_cortex.o
 .debug_macro   0x00021de4      0x216 ./Drivers/STM32F4xx_HAL_Driver/Src/stm32f4xx_hal_dma.o
 .debug_macro   0x00021ffa      0x216 ./Drivers/STM32F4xx_HAL_Driver/Src/stm32f4xx_hal_gpio.o
 .debug_macro   0x00022210      0x25e ./Drivers/STM32F4xx_HAL_Driver/Src/stm32f4xx_hal_i2c.o
 .debug_macro   0x0002246e      0x234 ./Drivers/STM32F4xx_HAL_Driver/Src/stm32f4xx_hal_rcc.o
 .debug_macro   0x000226a2      0x21f ./Drivers/STM32F4xx_HAL_Driver/Src/stm32f4xx_hal_spi.o
 .debug_macro   0x000228c1      0x211 ./Drivers/STM32F4xx_HAL_Driver/Src/stm32f4xx_hal_tim.o
 .debug_macro   0x00022ad2      0x210 ./Drivers/STM32F4xx_HAL_Driver/Src/stm32f4xx_hal_tim_ex.o
 .debug_macro   0x00022ce2       0x72 ./Lib/ekgSensor/ekgSensor.o
 .debug_macro   0x00022d54      0x241 ./Lib/ili9341/ili9341.o
 .debug_macro   0x00022f95      0x1d9 ./Lib/ili9341/ili9341.o
 .debug_macro   0x0002316e      0x21e ./Lib/max030102/max030102.o
 .debug_macro   0x0002338c       0x10 ./Lib/max030102/max030102.o
 .debug_macro   0x0002339c       0x94 ./Lib/max030102/max030102.o
 .debug_macro   0x00023430      0x237 ./Lib/ppgSensor/ppgSensor.o
 .debug_macro   0x00023667       0x1c ./Lib/ppgSensor/ppgSensor.o
 .debug_macro   0x00023683       0x78 ./Lib/ppgSensor/spO2_algorithim.o
 .debug_macro   0x000236fb       0x16 ./Lib/ppgSensor/spO2_algorithim.o

.debug_line     0x00000000    0x16747
 .debug_line    0x00000000      0xcef ./Core/Src/main.o
 .debug_line    0x00000cef      0x8ee ./Core/Src/stm32f4xx_hal_msp.o
 .debug_line    0x000015dd      0x911 ./Core/Src/stm32f4xx_it.o
 .debug_line    0x00001eee      0x842 ./Core/Src/system_stm32f4xx.o
 .debug_line    0x00002730       0x7a ./Core/Startup/startup_stm32f407vgtx.o
 .debug_line    0x000027aa      0xaab ./Drivers/STM32F4xx_HAL_Driver/Src/stm32f4xx_hal.o
 .debug_line    0x00003255     0x1333 ./Drivers/STM32F4xx_HAL_Driver/Src/stm32f4xx_hal_adc.o
 .debug_line    0x00004588      0xfa9 ./Drivers/STM32F4xx_HAL_Driver/Src/stm32f4xx_hal_adc_ex.o
 .debug_line    0x00005531      0xd9d ./Drivers/STM32F4xx_HAL_Driver/Src/stm32f4xx_hal_cortex.o
 .debug_line    0x000062ce     0x101b ./Drivers/STM32F4xx_HAL_Driver/Src/stm32f4xx_hal_dma.o
 .debug_line    0x000072e9      0xc37 ./Drivers/STM32F4xx_HAL_Driver/Src/stm32f4xx_hal_gpio.o
 .debug_line    0x00007f20     0x3bf1 ./Drivers/STM32F4xx_HAL_Driver/Src/stm32f4xx_hal_i2c.o
 .debug_line    0x0000bb11      0xe36 ./Drivers/STM32F4xx_HAL_Driver/Src/stm32f4xx_hal_rcc.o
 .debug_line    0x0000c947     0x1dc9 ./Drivers/STM32F4xx_HAL_Driver/Src/stm32f4xx_hal_spi.o
 .debug_line    0x0000e710     0x384f ./Drivers/STM32F4xx_HAL_Driver/Src/stm32f4xx_hal_tim.o
 .debug_line    0x00011f5f     0x1aa1 ./Drivers/STM32F4xx_HAL_Driver/Src/stm32f4xx_hal_tim_ex.o
 .debug_line    0x00013a00      0x4ab ./Lib/ekgSensor/ekgSensor.o
 .debug_line    0x00013eab      0xbac ./Lib/ili9341/ili9341.o
 .debug_line    0x00014a57      0x860 ./Lib/max030102/max030102.o
 .debug_line    0x000152b7      0xadc ./Lib/ppgSensor/ppgSensor.o
 .debug_line    0x00015d93      0x9b4 ./Lib/ppgSensor/spO2_algorithim.o

.debug_str      0x00000000    0xdb913
 .debug_str     0x00000000    0xd6c03 ./Core/Src/main.o
                              0xd70a3 (size before relaxing)
 .debug_str     0x000d6c03      0x10e ./Core/Src/stm32f4xx_hal_msp.o
                              0xd27af (size before relaxing)
 .debug_str     0x000d6d11      0x17b ./Core/Src/stm32f4xx_it.o
                              0xd1cf1 (size before relaxing)
 .debug_str     0x000d6e8c       0xdb ./Core/Src/system_stm32f4xx.o
                              0xd145e (size before relaxing)
 .debug_str     0x000d6f67       0x44 ./Core/Startup/startup_stm32f407vgtx.o
                                 0x88 (size before relaxing)
 .debug_str     0x000d6fab      0x5e4 ./Drivers/STM32F4xx_HAL_Driver/Src/stm32f4xx_hal.o
                              0xd1fe2 (size before relaxing)
 .debug_str     0x000d758f      0x27d ./Drivers/STM32F4xx_HAL_Driver/Src/stm32f4xx_hal_adc.o
                              0xd1a4b (size before relaxing)
 .debug_str     0x000d780c      0x2df ./Drivers/STM32F4xx_HAL_Driver/Src/stm32f4xx_hal_adc_ex.o
                              0xd1a9f (size before relaxing)
 .debug_str     0x000d7aeb      0x33f ./Drivers/STM32F4xx_HAL_Driver/Src/stm32f4xx_hal_cortex.o
                              0xd1d5e (size before relaxing)
 .debug_str     0x000d7e2a      0x2ec ./Drivers/STM32F4xx_HAL_Driver/Src/stm32f4xx_hal_dma.o
                              0xd1878 (size before relaxing)
 .debug_str     0x000d8116       0xd0 ./Drivers/STM32F4xx_HAL_Driver/Src/stm32f4xx_hal_gpio.o
                              0xd15d9 (size before relaxing)
 .debug_str     0x000d81e6      0xad9 ./Drivers/STM32F4xx_HAL_Driver/Src/stm32f4xx_hal_i2c.o
                              0xd247c (size before relaxing)
 .debug_str     0x000d8cbf      0x213 ./Drivers/STM32F4xx_HAL_Driver/Src/stm32f4xx_hal_rcc.o
                              0xd1892 (size before relaxing)
 .debug_str     0x000d8ed2      0x552 ./Drivers/STM32F4xx_HAL_Driver/Src/stm32f4xx_hal_spi.o
                              0xd1d1c (size before relaxing)
 .debug_str     0x000d9424      0xd49 ./Drivers/STM32F4xx_HAL_Driver/Src/stm32f4xx_hal_tim.o
                              0xd27e8 (size before relaxing)
 .debug_str     0x000da16d      0x493 ./Drivers/STM32F4xx_HAL_Driver/Src/stm32f4xx_hal_tim_ex.o
                              0xd1ff4 (size before relaxing)
 .debug_str     0x000da600       0xdb ./Lib/ekgSensor/ekgSensor.o
                               0x3e6a (size before relaxing)
 .debug_str     0x000da6db      0xd0a ./Lib/ili9341/ili9341.o
                              0xd2857 (size before relaxing)
 .debug_str     0x000db3e5       0xb8 ./Lib/max030102/max030102.o
                              0xd1b16 (size before relaxing)
 .debug_str     0x000db49d      0x1fe ./Lib/ppgSensor/ppgSensor.o
                              0xd1a75 (size before relaxing)
 .debug_str     0x000db69b      0x278 ./Lib/ppgSensor/spO2_algorithim.o
                               0x4020 (size before relaxing)

.comment        0x00000000       0x43
 .comment       0x00000000       0x43 ./Core/Src/main.o
                                 0x44 (size before relaxing)
 .comment       0x00000043       0x44 ./Core/Src/stm32f4xx_hal_msp.o
 .comment       0x00000043       0x44 ./Core/Src/stm32f4xx_it.o
 .comment       0x00000043       0x44 ./Core/Src/system_stm32f4xx.o
 .comment       0x00000043       0x44 ./Drivers/STM32F4xx_HAL_Driver/Src/stm32f4xx_hal.o
 .comment       0x00000043       0x44 ./Drivers/STM32F4xx_HAL_Driver/Src/stm32f4xx_hal_adc.o
 .comment       0x00000043       0x44 ./Drivers/STM32F4xx_HAL_Driver/Src/stm32f4xx_hal_adc_ex.o
 .comment       0x00000043       0x44 ./Drivers/STM32F4xx_HAL_Driver/Src/stm32f4xx_hal_cortex.o
 .comment       0x00000043       0x44 ./Drivers/STM32F4xx_HAL_Driver/Src/stm32f4xx_hal_dma.o
 .comment       0x00000043       0x44 ./Drivers/STM32F4xx_HAL_Driver/Src/stm32f4xx_hal_gpio.o
 .comment       0x00000043       0x44 ./Drivers/STM32F4xx_HAL_Driver/Src/stm32f4xx_hal_i2c.o
 .comment       0x00000043       0x44 ./Drivers/STM32F4xx_HAL_Driver/Src/stm32f4xx_hal_rcc.o
 .comment       0x00000043       0x44 ./Drivers/STM32F4xx_HAL_Driver/Src/stm32f4xx_hal_spi.o
 .comment       0x00000043       0x44 ./Drivers/STM32F4xx_HAL_Driver/Src/stm32f4xx_hal_tim.o
 .comment       0x00000043       0x44 ./Drivers/STM32F4xx_HAL_Driver/Src/stm32f4xx_hal_tim_ex.o
 .comment       0x00000043       0x44 ./Lib/ekgSensor/ekgSensor.o
 .comment       0x00000043       0x44 ./Lib/ili9341/ili9341.o
 .comment       0x00000043       0x44 ./Lib/max030102/max030102.o
 .comment       0x00000043       0x44 ./Lib/ppgSensor/ppgSensor.o
 .comment       0x00000043       0x44 ./Lib/ppgSensor/spO2_algorithim.o

.debug_frame    0x00000000     0x4c54
 .debug_frame   0x00000000      0x1a4 ./Core/Src/main.o
 .debug_frame   0x000001a4      0x15c ./Core/Src/stm32f4xx_hal_msp.o
 .debug_frame   0x00000300      0x1ac ./Core/Src/stm32f4xx_it.o
 .debug_frame   0x000004ac       0x58 ./Core/Src/system_stm32f4xx.o
 .debug_frame   0x00000504      0x374 ./Drivers/STM32F4xx_HAL_Driver/Src/stm32f4xx_hal.o
 .debug_frame   0x00000878      0x3fc ./Drivers/STM32F4xx_HAL_Driver/Src/stm32f4xx_hal_adc.o
 .debug_frame   0x00000c74      0x250 ./Drivers/STM32F4xx_HAL_Driver/Src/stm32f4xx_hal_adc_ex.o
 .debug_frame   0x00000ec4      0x508 ./Drivers/STM32F4xx_HAL_Driver/Src/stm32f4xx_hal_cortex.o
 .debug_frame   0x000013cc      0x250 ./Drivers/STM32F4xx_HAL_Driver/Src/stm32f4xx_hal_dma.o
 .debug_frame   0x0000161c      0x14c ./Drivers/STM32F4xx_HAL_Driver/Src/stm32f4xx_hal_gpio.o
 .debug_frame   0x00001768      0xc84 ./Drivers/STM32F4xx_HAL_Driver/Src/stm32f4xx_hal_i2c.o
 .debug_frame   0x000023ec      0x1f4 ./Drivers/STM32F4xx_HAL_Driver/Src/stm32f4xx_hal_rcc.o
 .debug_frame   0x000025e0      0x828 ./Drivers/STM32F4xx_HAL_Driver/Src/stm32f4xx_hal_spi.o
 .debug_frame   0x00002e08     0x11c0 ./Drivers/STM32F4xx_HAL_Driver/Src/stm32f4xx_hal_tim.o
 .debug_frame   0x00003fc8      0x638 ./Drivers/STM32F4xx_HAL_Driver/Src/stm32f4xx_hal_tim_ex.o
 .debug_frame   0x00004600       0x60 ./Lib/ekgSensor/ekgSensor.o
 .debug_frame   0x00004660      0x284 ./Lib/ili9341/ili9341.o
 .debug_frame   0x000048e4       0xe8 ./Lib/max030102/max030102.o
 .debug_frame   0x000049cc       0xe4 ./Lib/ppgSensor/ppgSensor.o
 .debug_frame   0x00004ab0       0xf8 ./Lib/ppgSensor/spO2_algorithim.o
 .debug_frame   0x00004ba8       0x20 C:/ST/STM32CubeIDE_1.17.0/STM32CubeIDE/plugins/com.st.stm32cube.ide.mcu.externaltools.gnu-tools-for-stm32.12.3.rel1.win32_1.1.0.202410251130/tools/bin/../lib/gcc/arm-none-eabi/12.3.1/../../../../arm-none-eabi/lib/thumb/v7e-m+fp/hard\libc_nano.a(libc_a-memset.o)
 .debug_frame   0x00004bc8       0x2c C:/ST/STM32CubeIDE_1.17.0/STM32CubeIDE/plugins/com.st.stm32cube.ide.mcu.externaltools.gnu-tools-for-stm32.12.3.rel1.win32_1.1.0.202410251130/tools/bin/../lib/gcc/arm-none-eabi/12.3.1/../../../../arm-none-eabi/lib/thumb/v7e-m+fp/hard\libc_nano.a(libc_a-init.o)
 .debug_frame   0x00004bf4       0x2c C:/ST/STM32CubeIDE_1.17.0/STM32CubeIDE/plugins/com.st.stm32cube.ide.mcu.externaltools.gnu-tools-for-stm32.12.3.rel1.win32_1.1.0.202410251130/tools/bin/../lib/gcc/arm-none-eabi/12.3.1/thumb/v7e-m+fp/hard\libgcc.a(_aeabi_uldivmod.o)
 .debug_frame   0x00004c20       0x34 C:/ST/STM32CubeIDE_1.17.0/STM32CubeIDE/plugins/com.st.stm32cube.ide.mcu.externaltools.gnu-tools-for-stm32.12.3.rel1.win32_1.1.0.202410251130/tools/bin/../lib/gcc/arm-none-eabi/12.3.1/thumb/v7e-m+fp/hard\libgcc.a(_udivmoddi4.o)

.debug_line_str
                0x00000000       0x6c
 .debug_line_str
                0x00000000       0x6c ./Core/Startup/startup_stm32f407vgtx.o
