../Core/Src/main.c:95:5:main	1
../Core/Src/main.c:200:6:SystemClock_Config	3
../Core/Src/main.c:247:13:MX_ADC1_Init	3
../Core/Src/main.c:299:13:MX_I2C1_Init	2
../Core/Src/main.c:333:13:MX_SPI1_Init	2
../Core/Src/main.c:371:13:MX_TIM3_Init	6
../Core/Src/main.c:429:13:MX_GPIO_Init	1
../Core/Src/main.c:537:6:HAL_GPIO_EXTI_Callback	11
../Core/Src/main.c:590:6:HAL_I2C_MemRxCpltCallback	1
../Core/Src/main.c:597:6:HAL_SYSTICK_Callback	5
../Core/Src/main.c:621:6:HAL_ADC_ConvCpltCallback	1
../Core/Src/main.c:633:6:Error_Handler	1
