../Core/Src/main.c:95:5:main	24	static
../Core/Src/main.c:199:6:SystemClock_Config	88	static
../Core/Src/main.c:246:13:MX_ADC1_Init	24	static
../Core/Src/main.c:298:13:MX_I2C1_Init	8	static
../Core/Src/main.c:332:13:MX_SPI1_Init	8	static
../Core/Src/main.c:370:13:MX_TIM3_Init	64	static
../Core/Src/main.c:428:13:MX_TIM6_Init	16	static
../Core/Src/main.c:466:13:MX_GPIO_Init	48	static
../Core/Src/main.c:574:6:HAL_GPIO_EXTI_Callback	24	static
../Core/Src/main.c:665:6:HAL_I2C_MemRxCpltCallback	16	static
../Core/Src/main.c:671:6:HAL_SYSTICK_Callback	16	static
../Core/Src/main.c:695:6:HAL_ADC_ConvCpltCallback	16	static
../Core/Src/main.c:701:6:HAL_TIM_PeriodElapsedCallback	16	static
../Core/Src/main.c:735:6:Error_Handler	4	static,ignoring_inline_asm
