../Drivers/STM32F4xx_HAL_Driver/Inc/stm32f4xx_ll_spi.h:297:22:LL_SPI_Enable	16	static
../Lib/ili9341/ili9341.c:48:13:SPI_WriteByte	16	static
../Lib/ili9341/ili9341.c:61:13:ILI9341_WriteCommand	16	static
../Lib/ili9341/ili9341.c:67:13:ILI9341_WriteData	24	static
../Lib/ili9341/ili9341.c:89:13:ILI9341_Select	8	static
../Lib/ili9341/ili9341.c:94:6:ILI9341_Unselect	8	static
../Lib/ili9341/ili9341.c:99:6:ILI9341_Backlight	16	static
../Lib/ili9341/ili9341.c:104:13:ILI9341_Reset	8	static
../Lib/ili9341/ili9341.c:111:6:ILI9341_Init	16	static
../Lib/ili9341/ili9341.c:154:13:ILI9341_SetAddressWindow	32	static
../Lib/ili9341/ili9341.c:173:13:ILI9341_WriteChar	40	static
../Lib/ili9341/ili9341.c:198:6:ILI9341_FillRectangle	32	static
../Lib/ili9341/ili9341.c:219:6:ILI9341_DrawPixel	24	static
../Lib/ili9341/ili9341.c:232:6:ILI9341_WriteString	32	static
../Lib/ili9341/ili9341.c:257:6:ILI9341_DrawImage	24	static
../Lib/ili9341/ili9341.c:268:6:ILI9341_FillScreen	24	static
../Lib/ili9341/ili9341.c:272:6:ILI9341_InvertColors	16	static
